ERROR - 2026-05-12 03:21:59 --> Error connecting to the database: mysqli_sql_exception: No such file or directory in /home/kamado/ITU/S4/Syst.Info/REGIME/system/Database/MySQLi/Connection.php:201
Stack trace:
#0 /home/kamado/ITU/S4/Syst.Info/REGIME/system/Database/MySQLi/Connection.php(201): mysqli->real_connect()
#1 /home/kamado/ITU/S4/Syst.Info/REGIME/system/Database/BaseConnection.php(555): CodeIgniter\Database\MySQLi\Connection->connect()
#2 /home/kamado/ITU/S4/Syst.Info/REGIME/system/Database/BaseConnection.php(795): CodeIgniter\Database\BaseConnection->initialize()
#3 /home/kamado/ITU/S4/Syst.Info/REGIME/system/Database/BaseBuilder.php(1649): CodeIgniter\Database\BaseConnection->query()
#4 /home/kamado/ITU/S4/Syst.Info/REGIME/system/Model.php(295): CodeIgniter\Database\BaseBuilder->get()
#5 /home/kamado/ITU/S4/Syst.Info/REGIME/system/BaseModel.php(714): CodeIgniter\Model->doFirst()
#6 /home/kamado/ITU/S4/Syst.Info/REGIME/app/Controllers/AuthController.php(20): CodeIgniter\BaseModel->first()
#7 /home/kamado/ITU/S4/Syst.Info/REGIME/system/CodeIgniter.php(951): App\Controllers\AuthController->authenticate()
#8 /home/kamado/ITU/S4/Syst.Info/REGIME/system/CodeIgniter.php(497): CodeIgniter\CodeIgniter->runController()
#9 /home/kamado/ITU/S4/Syst.Info/REGIME/system/CodeIgniter.php(340): CodeIgniter\CodeIgniter->handleRequest()
#10 /home/kamado/ITU/S4/Syst.Info/REGIME/system/Boot.php(417): CodeIgniter\CodeIgniter->run()
#11 /home/kamado/ITU/S4/Syst.Info/REGIME/system/Boot.php(68): CodeIgniter\Boot::runCodeIgniter()
#12 /home/kamado/ITU/S4/Syst.Info/REGIME/public/index.php(59): CodeIgniter\Boot::bootWeb()
#13 {main}

Next CodeIgniter\Database\Exceptions\DatabaseException: No such file or directory in /home/kamado/ITU/S4/Syst.Info/REGIME/system/Database/MySQLi/Connection.php:231
Stack trace:
#0 /home/kamado/ITU/S4/Syst.Info/REGIME/system/Database/BaseConnection.php(555): CodeIgniter\Database\MySQLi\Connection->connect()
#1 /home/kamado/ITU/S4/Syst.Info/REGIME/system/Database/BaseConnection.php(795): CodeIgniter\Database\BaseConnection->initialize()
#2 /home/kamado/ITU/S4/Syst.Info/REGIME/system/Database/BaseBuilder.php(1649): CodeIgniter\Database\BaseConnection->query()
#3 /home/kamado/ITU/S4/Syst.Info/REGIME/system/Model.php(295): CodeIgniter\Database\BaseBuilder->get()
#4 /home/kamado/ITU/S4/Syst.Info/REGIME/system/BaseModel.php(714): CodeIgniter\Model->doFirst()
#5 /home/kamado/ITU/S4/Syst.Info/REGIME/app/Controllers/AuthController.php(20): CodeIgniter\BaseModel->first()
#6 /home/kamado/ITU/S4/Syst.Info/REGIME/system/CodeIgniter.php(951): App\Controllers\AuthController->authenticate()
#7 /home/kamado/ITU/S4/Syst.Info/REGIME/system/CodeIgniter.php(497): CodeIgniter\CodeIgniter->runController()
#8 /home/kamado/ITU/S4/Syst.Info/REGIME/system/CodeIgniter.php(340): CodeIgniter\CodeIgniter->handleRequest()
#9 /home/kamado/ITU/S4/Syst.Info/REGIME/system/Boot.php(417): CodeIgniter\CodeIgniter->run()
#10 /home/kamado/ITU/S4/Syst.Info/REGIME/system/Boot.php(68): CodeIgniter\Boot::runCodeIgniter()
#11 /home/kamado/ITU/S4/Syst.Info/REGIME/public/index.php(59): CodeIgniter\Boot::bootWeb()
#12 {main}
CRITICAL - 2026-05-12 03:21:59 --> CodeIgniter\Database\Exceptions\DatabaseException: Unable to connect to the database.
Main connection [MySQLi]: No such file or directory
[Method: POST, Route: login]
in SYSTEMPATH/Database/BaseConnection.php on line 606.
 1 SYSTEMPATH/Database/BaseConnection.php(795): CodeIgniter\Database\BaseConnection->initialize()
 2 SYSTEMPATH/Database/BaseBuilder.php(1649): CodeIgniter\Database\BaseConnection->query()
 3 SYSTEMPATH/Model.php(295): CodeIgniter\Database\BaseBuilder->get()
 4 SYSTEMPATH/BaseModel.php(714): CodeIgniter\Model->doFirst()
 5 APPPATH/Controllers/AuthController.php(20): CodeIgniter\BaseModel->first()
 6 SYSTEMPATH/CodeIgniter.php(951): App\Controllers\AuthController->authenticate()
 7 SYSTEMPATH/CodeIgniter.php(497): CodeIgniter\CodeIgniter->runController()
 8 SYSTEMPATH/CodeIgniter.php(340): CodeIgniter\CodeIgniter->handleRequest()
 9 SYSTEMPATH/Boot.php(417): CodeIgniter\CodeIgniter->run()
10 SYSTEMPATH/Boot.php(68): CodeIgniter\Boot::runCodeIgniter()
11 FCPATH/index.php(59): CodeIgniter\Boot::bootWeb()
ERROR - 2026-05-12 03:22:03 --> Error connecting to the database: mysqli_sql_exception: No such file or directory in /home/kamado/ITU/S4/Syst.Info/REGIME/system/Database/MySQLi/Connection.php:201
Stack trace:
#0 /home/kamado/ITU/S4/Syst.Info/REGIME/system/Database/MySQLi/Connection.php(201): mysqli->real_connect()
#1 /home/kamado/ITU/S4/Syst.Info/REGIME/system/Database/BaseConnection.php(555): CodeIgniter\Database\MySQLi\Connection->connect()
#2 /home/kamado/ITU/S4/Syst.Info/REGIME/system/Database/BaseConnection.php(795): CodeIgniter\Database\BaseConnection->initialize()
#3 /home/kamado/ITU/S4/Syst.Info/REGIME/system/Database/BaseBuilder.php(1649): CodeIgniter\Database\BaseConnection->query()
#4 /home/kamado/ITU/S4/Syst.Info/REGIME/system/Model.php(295): CodeIgniter\Database\BaseBuilder->get()
#5 /home/kamado/ITU/S4/Syst.Info/REGIME/system/BaseModel.php(714): CodeIgniter\Model->doFirst()
#6 /home/kamado/ITU/S4/Syst.Info/REGIME/app/Controllers/AuthController.php(20): CodeIgniter\BaseModel->first()
#7 /home/kamado/ITU/S4/Syst.Info/REGIME/system/CodeIgniter.php(951): App\Controllers\AuthController->authenticate()
#8 /home/kamado/ITU/S4/Syst.Info/REGIME/system/CodeIgniter.php(497): CodeIgniter\CodeIgniter->runController()
#9 /home/kamado/ITU/S4/Syst.Info/REGIME/system/CodeIgniter.php(340): CodeIgniter\CodeIgniter->handleRequest()
#10 /home/kamado/ITU/S4/Syst.Info/REGIME/system/Boot.php(417): CodeIgniter\CodeIgniter->run()
#11 /home/kamado/ITU/S4/Syst.Info/REGIME/system/Boot.php(68): CodeIgniter\Boot::runCodeIgniter()
#12 /home/kamado/ITU/S4/Syst.Info/REGIME/public/index.php(59): CodeIgniter\Boot::bootWeb()
#13 {main}

Next CodeIgniter\Database\Exceptions\DatabaseException: No such file or directory in /home/kamado/ITU/S4/Syst.Info/REGIME/system/Database/MySQLi/Connection.php:231
Stack trace:
#0 /home/kamado/ITU/S4/Syst.Info/REGIME/system/Database/BaseConnection.php(555): CodeIgniter\Database\MySQLi\Connection->connect()
#1 /home/kamado/ITU/S4/Syst.Info/REGIME/system/Database/BaseConnection.php(795): CodeIgniter\Database\BaseConnection->initialize()
#2 /home/kamado/ITU/S4/Syst.Info/REGIME/system/Database/BaseBuilder.php(1649): CodeIgniter\Database\BaseConnection->query()
#3 /home/kamado/ITU/S4/Syst.Info/REGIME/system/Model.php(295): CodeIgniter\Database\BaseBuilder->get()
#4 /home/kamado/ITU/S4/Syst.Info/REGIME/system/BaseModel.php(714): CodeIgniter\Model->doFirst()
#5 /home/kamado/ITU/S4/Syst.Info/REGIME/app/Controllers/AuthController.php(20): CodeIgniter\BaseModel->first()
#6 /home/kamado/ITU/S4/Syst.Info/REGIME/system/CodeIgniter.php(951): App\Controllers\AuthController->authenticate()
#7 /home/kamado/ITU/S4/Syst.Info/REGIME/system/CodeIgniter.php(497): CodeIgniter\CodeIgniter->runController()
#8 /home/kamado/ITU/S4/Syst.Info/REGIME/system/CodeIgniter.php(340): CodeIgniter\CodeIgniter->handleRequest()
#9 /home/kamado/ITU/S4/Syst.Info/REGIME/system/Boot.php(417): CodeIgniter\CodeIgniter->run()
#10 /home/kamado/ITU/S4/Syst.Info/REGIME/system/Boot.php(68): CodeIgniter\Boot::runCodeIgniter()
#11 /home/kamado/ITU/S4/Syst.Info/REGIME/public/index.php(59): CodeIgniter\Boot::bootWeb()
#12 {main}
CRITICAL - 2026-05-12 03:22:03 --> CodeIgniter\Database\Exceptions\DatabaseException: Unable to connect to the database.
Main connection [MySQLi]: No such file or directory
[Method: POST, Route: login]
in SYSTEMPATH/Database/BaseConnection.php on line 606.
 1 SYSTEMPATH/Database/BaseConnection.php(795): CodeIgniter\Database\BaseConnection->initialize()
 2 SYSTEMPATH/Database/BaseBuilder.php(1649): CodeIgniter\Database\BaseConnection->query()
 3 SYSTEMPATH/Model.php(295): CodeIgniter\Database\BaseBuilder->get()
 4 SYSTEMPATH/BaseModel.php(714): CodeIgniter\Model->doFirst()
 5 APPPATH/Controllers/AuthController.php(20): CodeIgniter\BaseModel->first()
 6 SYSTEMPATH/CodeIgniter.php(951): App\Controllers\AuthController->authenticate()
 7 SYSTEMPATH/CodeIgniter.php(497): CodeIgniter\CodeIgniter->runController()
 8 SYSTEMPATH/CodeIgniter.php(340): CodeIgniter\CodeIgniter->handleRequest()
 9 SYSTEMPATH/Boot.php(417): CodeIgniter\CodeIgniter->run()
10 SYSTEMPATH/Boot.php(68): CodeIgniter\Boot::runCodeIgniter()
11 FCPATH/index.php(59): CodeIgniter\Boot::bootWeb()
ERROR - 2026-05-12 03:22:10 --> Error connecting to the database: mysqli_sql_exception: No such file or directory in /home/kamado/ITU/S4/Syst.Info/REGIME/system/Database/MySQLi/Connection.php:201
Stack trace:
#0 /home/kamado/ITU/S4/Syst.Info/REGIME/system/Database/MySQLi/Connection.php(201): mysqli->real_connect()
#1 /home/kamado/ITU/S4/Syst.Info/REGIME/system/Database/BaseConnection.php(555): CodeIgniter\Database\MySQLi\Connection->connect()
#2 /home/kamado/ITU/S4/Syst.Info/REGIME/system/Database/BaseConnection.php(795): CodeIgniter\Database\BaseConnection->initialize()
#3 /home/kamado/ITU/S4/Syst.Info/REGIME/system/Database/BaseBuilder.php(1649): CodeIgniter\Database\BaseConnection->query()
#4 /home/kamado/ITU/S4/Syst.Info/REGIME/system/Model.php(295): CodeIgniter\Database\BaseBuilder->get()
#5 /home/kamado/ITU/S4/Syst.Info/REGIME/system/BaseModel.php(714): CodeIgniter\Model->doFirst()
#6 /home/kamado/ITU/S4/Syst.Info/REGIME/app/Controllers/AuthController.php(20): CodeIgniter\BaseModel->first()
#7 /home/kamado/ITU/S4/Syst.Info/REGIME/system/CodeIgniter.php(951): App\Controllers\AuthController->authenticate()
#8 /home/kamado/ITU/S4/Syst.Info/REGIME/system/CodeIgniter.php(497): CodeIgniter\CodeIgniter->runController()
#9 /home/kamado/ITU/S4/Syst.Info/REGIME/system/CodeIgniter.php(340): CodeIgniter\CodeIgniter->handleRequest()
#10 /home/kamado/ITU/S4/Syst.Info/REGIME/system/Boot.php(417): CodeIgniter\CodeIgniter->run()
#11 /home/kamado/ITU/S4/Syst.Info/REGIME/system/Boot.php(68): CodeIgniter\Boot::runCodeIgniter()
#12 /home/kamado/ITU/S4/Syst.Info/REGIME/public/index.php(59): CodeIgniter\Boot::bootWeb()
#13 {main}

Next CodeIgniter\Database\Exceptions\DatabaseException: No such file or directory in /home/kamado/ITU/S4/Syst.Info/REGIME/system/Database/MySQLi/Connection.php:231
Stack trace:
#0 /home/kamado/ITU/S4/Syst.Info/REGIME/system/Database/BaseConnection.php(555): CodeIgniter\Database\MySQLi\Connection->connect()
#1 /home/kamado/ITU/S4/Syst.Info/REGIME/system/Database/BaseConnection.php(795): CodeIgniter\Database\BaseConnection->initialize()
#2 /home/kamado/ITU/S4/Syst.Info/REGIME/system/Database/BaseBuilder.php(1649): CodeIgniter\Database\BaseConnection->query()
#3 /home/kamado/ITU/S4/Syst.Info/REGIME/system/Model.php(295): CodeIgniter\Database\BaseBuilder->get()
#4 /home/kamado/ITU/S4/Syst.Info/REGIME/system/BaseModel.php(714): CodeIgniter\Model->doFirst()
#5 /home/kamado/ITU/S4/Syst.Info/REGIME/app/Controllers/AuthController.php(20): CodeIgniter\BaseModel->first()
#6 /home/kamado/ITU/S4/Syst.Info/REGIME/system/CodeIgniter.php(951): App\Controllers\AuthController->authenticate()
#7 /home/kamado/ITU/S4/Syst.Info/REGIME/system/CodeIgniter.php(497): CodeIgniter\CodeIgniter->runController()
#8 /home/kamado/ITU/S4/Syst.Info/REGIME/system/CodeIgniter.php(340): CodeIgniter\CodeIgniter->handleRequest()
#9 /home/kamado/ITU/S4/Syst.Info/REGIME/system/Boot.php(417): CodeIgniter\CodeIgniter->run()
#10 /home/kamado/ITU/S4/Syst.Info/REGIME/system/Boot.php(68): CodeIgniter\Boot::runCodeIgniter()
#11 /home/kamado/ITU/S4/Syst.Info/REGIME/public/index.php(59): CodeIgniter\Boot::bootWeb()
#12 {main}
CRITICAL - 2026-05-12 03:22:10 --> CodeIgniter\Database\Exceptions\DatabaseException: Unable to connect to the database.
Main connection [MySQLi]: No such file or directory
[Method: POST, Route: login]
in SYSTEMPATH/Database/BaseConnection.php on line 606.
 1 SYSTEMPATH/Database/BaseConnection.php(795): CodeIgniter\Database\BaseConnection->initialize()
 2 SYSTEMPATH/Database/BaseBuilder.php(1649): CodeIgniter\Database\BaseConnection->query()
 3 SYSTEMPATH/Model.php(295): CodeIgniter\Database\BaseBuilder->get()
 4 SYSTEMPATH/BaseModel.php(714): CodeIgniter\Model->doFirst()
 5 APPPATH/Controllers/AuthController.php(20): CodeIgniter\BaseModel->first()
 6 SYSTEMPATH/CodeIgniter.php(951): App\Controllers\AuthController->authenticate()
 7 SYSTEMPATH/CodeIgniter.php(497): CodeIgniter\CodeIgniter->runController()
 8 SYSTEMPATH/CodeIgniter.php(340): CodeIgniter\CodeIgniter->handleRequest()
 9 SYSTEMPATH/Boot.php(417): CodeIgniter\CodeIgniter->run()
10 SYSTEMPATH/Boot.php(68): CodeIgniter\Boot::runCodeIgniter()
11 FCPATH/index.php(59): CodeIgniter\Boot::bootWeb()
