ERROR - 2026-05-10 05:40:56 --> Error connecting to the database: mysqli_sql_exception: Connection refused in /home/kamado/ITU/S4/Syst.Info/REGIME/system/Database/MySQLi/Connection.php:201
Stack trace:
#0 /home/kamado/ITU/S4/Syst.Info/REGIME/system/Database/MySQLi/Connection.php(201): mysqli->real_connect()
#1 /home/kamado/ITU/S4/Syst.Info/REGIME/system/Database/BaseConnection.php(555): CodeIgniter\Database\MySQLi\Connection->connect()
#2 /home/kamado/ITU/S4/Syst.Info/REGIME/system/Database/BaseConnection.php(795): CodeIgniter\Database\BaseConnection->initialize()
#3 /home/kamado/ITU/S4/Syst.Info/REGIME/system/Database/BaseBuilder.php(1649): CodeIgniter\Database\BaseConnection->query()
#4 /home/kamado/ITU/S4/Syst.Info/REGIME/system/Model.php(295): CodeIgniter\Database\BaseBuilder->get()
#5 /home/kamado/ITU/S4/Syst.Info/REGIME/system/BaseModel.php(714): CodeIgniter\Model->doFirst()
#6 /home/kamado/ITU/S4/Syst.Info/REGIME/app/Controllers/AuthController.php(20): CodeIgniter\BaseModel->first()
#7 /home/kamado/ITU/S4/Syst.Info/REGIME/system/CodeIgniter.php(951): App\Controllers\AuthController->authenticate()
#8 /home/kamado/ITU/S4/Syst.Info/REGIME/system/CodeIgniter.php(497): CodeIgniter\CodeIgniter->runController()
#9 /home/kamado/ITU/S4/Syst.Info/REGIME/system/CodeIgniter.php(340): CodeIgniter\CodeIgniter->handleRequest()
#10 /home/kamado/ITU/S4/Syst.Info/REGIME/system/Boot.php(417): CodeIgniter\CodeIgniter->run()
#11 /home/kamado/ITU/S4/Syst.Info/REGIME/system/Boot.php(68): CodeIgniter\Boot::runCodeIgniter()
#12 /home/kamado/ITU/S4/Syst.Info/REGIME/public/index.php(59): CodeIgniter\Boot::bootWeb()
#13 {main}

Next CodeIgniter\Database\Exceptions\DatabaseException: Connection refused in /home/kamado/ITU/S4/Syst.Info/REGIME/system/Database/MySQLi/Connection.php:231
Stack trace:
#0 /home/kamado/ITU/S4/Syst.Info/REGIME/system/Database/BaseConnection.php(555): CodeIgniter\Database\MySQLi\Connection->connect()
#1 /home/kamado/ITU/S4/Syst.Info/REGIME/system/Database/BaseConnection.php(795): CodeIgniter\Database\BaseConnection->initialize()
#2 /home/kamado/ITU/S4/Syst.Info/REGIME/system/Database/BaseBuilder.php(1649): CodeIgniter\Database\BaseConnection->query()
#3 /home/kamado/ITU/S4/Syst.Info/REGIME/system/Model.php(295): CodeIgniter\Database\BaseBuilder->get()
#4 /home/kamado/ITU/S4/Syst.Info/REGIME/system/BaseModel.php(714): CodeIgniter\Model->doFirst()
#5 /home/kamado/ITU/S4/Syst.Info/REGIME/app/Controllers/AuthController.php(20): CodeIgniter\BaseModel->first()
#6 /home/kamado/ITU/S4/Syst.Info/REGIME/system/CodeIgniter.php(951): App\Controllers\AuthController->authenticate()
#7 /home/kamado/ITU/S4/Syst.Info/REGIME/system/CodeIgniter.php(497): CodeIgniter\CodeIgniter->runController()
#8 /home/kamado/ITU/S4/Syst.Info/REGIME/system/CodeIgniter.php(340): CodeIgniter\CodeIgniter->handleRequest()
#9 /home/kamado/ITU/S4/Syst.Info/REGIME/system/Boot.php(417): CodeIgniter\CodeIgniter->run()
#10 /home/kamado/ITU/S4/Syst.Info/REGIME/system/Boot.php(68): CodeIgniter\Boot::runCodeIgniter()
#11 /home/kamado/ITU/S4/Syst.Info/REGIME/public/index.php(59): CodeIgniter\Boot::bootWeb()
#12 {main}
CRITICAL - 2026-05-10 05:40:56 --> CodeIgniter\Database\Exceptions\DatabaseException: Unable to connect to the database.
Main connection [MySQLi]: Connection refused
[Method: POST, Route: login]
in SYSTEMPATH/Database/BaseConnection.php on line 606.
 1 SYSTEMPATH/Database/BaseConnection.php(795): CodeIgniter\Database\BaseConnection->initialize()
 2 SYSTEMPATH/Database/BaseBuilder.php(1649): CodeIgniter\Database\BaseConnection->query()
 3 SYSTEMPATH/Model.php(295): CodeIgniter\Database\BaseBuilder->get()
 4 SYSTEMPATH/BaseModel.php(714): CodeIgniter\Model->doFirst()
 5 APPPATH/Controllers/AuthController.php(20): CodeIgniter\BaseModel->first()
 6 SYSTEMPATH/CodeIgniter.php(951): App\Controllers\AuthController->authenticate()
 7 SYSTEMPATH/CodeIgniter.php(497): CodeIgniter\CodeIgniter->runController()
 8 SYSTEMPATH/CodeIgniter.php(340): CodeIgniter\CodeIgniter->handleRequest()
 9 SYSTEMPATH/Boot.php(417): CodeIgniter\CodeIgniter->run()
10 SYSTEMPATH/Boot.php(68): CodeIgniter\Boot::runCodeIgniter()
11 FCPATH/index.php(59): CodeIgniter\Boot::bootWeb()
ERROR - 2026-05-10 05:41:03 --> Error connecting to the database: mysqli_sql_exception: Connection refused in /home/kamado/ITU/S4/Syst.Info/REGIME/system/Database/MySQLi/Connection.php:201
Stack trace:
#0 /home/kamado/ITU/S4/Syst.Info/REGIME/system/Database/MySQLi/Connection.php(201): mysqli->real_connect()
#1 /home/kamado/ITU/S4/Syst.Info/REGIME/system/Database/BaseConnection.php(555): CodeIgniter\Database\MySQLi\Connection->connect()
#2 /home/kamado/ITU/S4/Syst.Info/REGIME/system/Database/BaseConnection.php(795): CodeIgniter\Database\BaseConnection->initialize()
#3 /home/kamado/ITU/S4/Syst.Info/REGIME/system/Database/BaseBuilder.php(1649): CodeIgniter\Database\BaseConnection->query()
#4 /home/kamado/ITU/S4/Syst.Info/REGIME/system/Model.php(295): CodeIgniter\Database\BaseBuilder->get()
#5 /home/kamado/ITU/S4/Syst.Info/REGIME/system/BaseModel.php(714): CodeIgniter\Model->doFirst()
#6 /home/kamado/ITU/S4/Syst.Info/REGIME/app/Controllers/AuthController.php(20): CodeIgniter\BaseModel->first()
#7 /home/kamado/ITU/S4/Syst.Info/REGIME/system/CodeIgniter.php(951): App\Controllers\AuthController->authenticate()
#8 /home/kamado/ITU/S4/Syst.Info/REGIME/system/CodeIgniter.php(497): CodeIgniter\CodeIgniter->runController()
#9 /home/kamado/ITU/S4/Syst.Info/REGIME/system/CodeIgniter.php(340): CodeIgniter\CodeIgniter->handleRequest()
#10 /home/kamado/ITU/S4/Syst.Info/REGIME/system/Boot.php(417): CodeIgniter\CodeIgniter->run()
#11 /home/kamado/ITU/S4/Syst.Info/REGIME/system/Boot.php(68): CodeIgniter\Boot::runCodeIgniter()
#12 /home/kamado/ITU/S4/Syst.Info/REGIME/public/index.php(59): CodeIgniter\Boot::bootWeb()
#13 {main}

Next CodeIgniter\Database\Exceptions\DatabaseException: Connection refused in /home/kamado/ITU/S4/Syst.Info/REGIME/system/Database/MySQLi/Connection.php:231
Stack trace:
#0 /home/kamado/ITU/S4/Syst.Info/REGIME/system/Database/BaseConnection.php(555): CodeIgniter\Database\MySQLi\Connection->connect()
#1 /home/kamado/ITU/S4/Syst.Info/REGIME/system/Database/BaseConnection.php(795): CodeIgniter\Database\BaseConnection->initialize()
#2 /home/kamado/ITU/S4/Syst.Info/REGIME/system/Database/BaseBuilder.php(1649): CodeIgniter\Database\BaseConnection->query()
#3 /home/kamado/ITU/S4/Syst.Info/REGIME/system/Model.php(295): CodeIgniter\Database\BaseBuilder->get()
#4 /home/kamado/ITU/S4/Syst.Info/REGIME/system/BaseModel.php(714): CodeIgniter\Model->doFirst()
#5 /home/kamado/ITU/S4/Syst.Info/REGIME/app/Controllers/AuthController.php(20): CodeIgniter\BaseModel->first()
#6 /home/kamado/ITU/S4/Syst.Info/REGIME/system/CodeIgniter.php(951): App\Controllers\AuthController->authenticate()
#7 /home/kamado/ITU/S4/Syst.Info/REGIME/system/CodeIgniter.php(497): CodeIgniter\CodeIgniter->runController()
#8 /home/kamado/ITU/S4/Syst.Info/REGIME/system/CodeIgniter.php(340): CodeIgniter\CodeIgniter->handleRequest()
#9 /home/kamado/ITU/S4/Syst.Info/REGIME/system/Boot.php(417): CodeIgniter\CodeIgniter->run()
#10 /home/kamado/ITU/S4/Syst.Info/REGIME/system/Boot.php(68): CodeIgniter\Boot::runCodeIgniter()
#11 /home/kamado/ITU/S4/Syst.Info/REGIME/public/index.php(59): CodeIgniter\Boot::bootWeb()
#12 {main}
CRITICAL - 2026-05-10 05:41:03 --> CodeIgniter\Database\Exceptions\DatabaseException: Unable to connect to the database.
Main connection [MySQLi]: Connection refused
[Method: POST, Route: login]
in SYSTEMPATH/Database/BaseConnection.php on line 606.
 1 SYSTEMPATH/Database/BaseConnection.php(795): CodeIgniter\Database\BaseConnection->initialize()
 2 SYSTEMPATH/Database/BaseBuilder.php(1649): CodeIgniter\Database\BaseConnection->query()
 3 SYSTEMPATH/Model.php(295): CodeIgniter\Database\BaseBuilder->get()
 4 SYSTEMPATH/BaseModel.php(714): CodeIgniter\Model->doFirst()
 5 APPPATH/Controllers/AuthController.php(20): CodeIgniter\BaseModel->first()
 6 SYSTEMPATH/CodeIgniter.php(951): App\Controllers\AuthController->authenticate()
 7 SYSTEMPATH/CodeIgniter.php(497): CodeIgniter\CodeIgniter->runController()
 8 SYSTEMPATH/CodeIgniter.php(340): CodeIgniter\CodeIgniter->handleRequest()
 9 SYSTEMPATH/Boot.php(417): CodeIgniter\CodeIgniter->run()
10 SYSTEMPATH/Boot.php(68): CodeIgniter\Boot::runCodeIgniter()
11 FCPATH/index.php(59): CodeIgniter\Boot::bootWeb()
ERROR - 2026-05-10 05:41:22 --> Error connecting to the database: mysqli_sql_exception: Connection refused in /home/kamado/ITU/S4/Syst.Info/REGIME/system/Database/MySQLi/Connection.php:201
Stack trace:
#0 /home/kamado/ITU/S4/Syst.Info/REGIME/system/Database/MySQLi/Connection.php(201): mysqli->real_connect()
#1 /home/kamado/ITU/S4/Syst.Info/REGIME/system/Database/BaseConnection.php(555): CodeIgniter\Database\MySQLi\Connection->connect()
#2 /home/kamado/ITU/S4/Syst.Info/REGIME/system/Database/BaseConnection.php(795): CodeIgniter\Database\BaseConnection->initialize()
#3 /home/kamado/ITU/S4/Syst.Info/REGIME/system/Database/BaseBuilder.php(1649): CodeIgniter\Database\BaseConnection->query()
#4 /home/kamado/ITU/S4/Syst.Info/REGIME/system/Model.php(295): CodeIgniter\Database\BaseBuilder->get()
#5 /home/kamado/ITU/S4/Syst.Info/REGIME/system/BaseModel.php(714): CodeIgniter\Model->doFirst()
#6 /home/kamado/ITU/S4/Syst.Info/REGIME/app/Controllers/AuthController.php(20): CodeIgniter\BaseModel->first()
#7 /home/kamado/ITU/S4/Syst.Info/REGIME/system/CodeIgniter.php(951): App\Controllers\AuthController->authenticate()
#8 /home/kamado/ITU/S4/Syst.Info/REGIME/system/CodeIgniter.php(497): CodeIgniter\CodeIgniter->runController()
#9 /home/kamado/ITU/S4/Syst.Info/REGIME/system/CodeIgniter.php(340): CodeIgniter\CodeIgniter->handleRequest()
#10 /home/kamado/ITU/S4/Syst.Info/REGIME/system/Boot.php(417): CodeIgniter\CodeIgniter->run()
#11 /home/kamado/ITU/S4/Syst.Info/REGIME/system/Boot.php(68): CodeIgniter\Boot::runCodeIgniter()
#12 /home/kamado/ITU/S4/Syst.Info/REGIME/public/index.php(59): CodeIgniter\Boot::bootWeb()
#13 {main}

Next CodeIgniter\Database\Exceptions\DatabaseException: Connection refused in /home/kamado/ITU/S4/Syst.Info/REGIME/system/Database/MySQLi/Connection.php:231
Stack trace:
#0 /home/kamado/ITU/S4/Syst.Info/REGIME/system/Database/BaseConnection.php(555): CodeIgniter\Database\MySQLi\Connection->connect()
#1 /home/kamado/ITU/S4/Syst.Info/REGIME/system/Database/BaseConnection.php(795): CodeIgniter\Database\BaseConnection->initialize()
#2 /home/kamado/ITU/S4/Syst.Info/REGIME/system/Database/BaseBuilder.php(1649): CodeIgniter\Database\BaseConnection->query()
#3 /home/kamado/ITU/S4/Syst.Info/REGIME/system/Model.php(295): CodeIgniter\Database\BaseBuilder->get()
#4 /home/kamado/ITU/S4/Syst.Info/REGIME/system/BaseModel.php(714): CodeIgniter\Model->doFirst()
#5 /home/kamado/ITU/S4/Syst.Info/REGIME/app/Controllers/AuthController.php(20): CodeIgniter\BaseModel->first()
#6 /home/kamado/ITU/S4/Syst.Info/REGIME/system/CodeIgniter.php(951): App\Controllers\AuthController->authenticate()
#7 /home/kamado/ITU/S4/Syst.Info/REGIME/system/CodeIgniter.php(497): CodeIgniter\CodeIgniter->runController()
#8 /home/kamado/ITU/S4/Syst.Info/REGIME/system/CodeIgniter.php(340): CodeIgniter\CodeIgniter->handleRequest()
#9 /home/kamado/ITU/S4/Syst.Info/REGIME/system/Boot.php(417): CodeIgniter\CodeIgniter->run()
#10 /home/kamado/ITU/S4/Syst.Info/REGIME/system/Boot.php(68): CodeIgniter\Boot::runCodeIgniter()
#11 /home/kamado/ITU/S4/Syst.Info/REGIME/public/index.php(59): CodeIgniter\Boot::bootWeb()
#12 {main}
CRITICAL - 2026-05-10 05:41:22 --> CodeIgniter\Database\Exceptions\DatabaseException: Unable to connect to the database.
Main connection [MySQLi]: Connection refused
[Method: POST, Route: login]
in SYSTEMPATH/Database/BaseConnection.php on line 606.
 1 SYSTEMPATH/Database/BaseConnection.php(795): CodeIgniter\Database\BaseConnection->initialize()
 2 SYSTEMPATH/Database/BaseBuilder.php(1649): CodeIgniter\Database\BaseConnection->query()
 3 SYSTEMPATH/Model.php(295): CodeIgniter\Database\BaseBuilder->get()
 4 SYSTEMPATH/BaseModel.php(714): CodeIgniter\Model->doFirst()
 5 APPPATH/Controllers/AuthController.php(20): CodeIgniter\BaseModel->first()
 6 SYSTEMPATH/CodeIgniter.php(951): App\Controllers\AuthController->authenticate()
 7 SYSTEMPATH/CodeIgniter.php(497): CodeIgniter\CodeIgniter->runController()
 8 SYSTEMPATH/CodeIgniter.php(340): CodeIgniter\CodeIgniter->handleRequest()
 9 SYSTEMPATH/Boot.php(417): CodeIgniter\CodeIgniter->run()
10 SYSTEMPATH/Boot.php(68): CodeIgniter\Boot::runCodeIgniter()
11 FCPATH/index.php(59): CodeIgniter\Boot::bootWeb()
ERROR - 2026-05-10 05:42:22 --> Error connecting to the database: mysqli_sql_exception: Connection refused in /home/kamado/ITU/S4/Syst.Info/REGIME/system/Database/MySQLi/Connection.php:201
Stack trace:
#0 /home/kamado/ITU/S4/Syst.Info/REGIME/system/Database/MySQLi/Connection.php(201): mysqli->real_connect()
#1 /home/kamado/ITU/S4/Syst.Info/REGIME/system/Database/BaseConnection.php(555): CodeIgniter\Database\MySQLi\Connection->connect()
#2 /home/kamado/ITU/S4/Syst.Info/REGIME/system/Database/BaseConnection.php(795): CodeIgniter\Database\BaseConnection->initialize()
#3 /home/kamado/ITU/S4/Syst.Info/REGIME/system/Database/BaseBuilder.php(1649): CodeIgniter\Database\BaseConnection->query()
#4 /home/kamado/ITU/S4/Syst.Info/REGIME/system/Model.php(295): CodeIgniter\Database\BaseBuilder->get()
#5 /home/kamado/ITU/S4/Syst.Info/REGIME/system/BaseModel.php(714): CodeIgniter\Model->doFirst()
#6 /home/kamado/ITU/S4/Syst.Info/REGIME/app/Controllers/AuthController.php(20): CodeIgniter\BaseModel->first()
#7 /home/kamado/ITU/S4/Syst.Info/REGIME/system/CodeIgniter.php(951): App\Controllers\AuthController->authenticate()
#8 /home/kamado/ITU/S4/Syst.Info/REGIME/system/CodeIgniter.php(497): CodeIgniter\CodeIgniter->runController()
#9 /home/kamado/ITU/S4/Syst.Info/REGIME/system/CodeIgniter.php(340): CodeIgniter\CodeIgniter->handleRequest()
#10 /home/kamado/ITU/S4/Syst.Info/REGIME/system/Boot.php(417): CodeIgniter\CodeIgniter->run()
#11 /home/kamado/ITU/S4/Syst.Info/REGIME/system/Boot.php(68): CodeIgniter\Boot::runCodeIgniter()
#12 /home/kamado/ITU/S4/Syst.Info/REGIME/public/index.php(59): CodeIgniter\Boot::bootWeb()
#13 {main}

Next CodeIgniter\Database\Exceptions\DatabaseException: Connection refused in /home/kamado/ITU/S4/Syst.Info/REGIME/system/Database/MySQLi/Connection.php:231
Stack trace:
#0 /home/kamado/ITU/S4/Syst.Info/REGIME/system/Database/BaseConnection.php(555): CodeIgniter\Database\MySQLi\Connection->connect()
#1 /home/kamado/ITU/S4/Syst.Info/REGIME/system/Database/BaseConnection.php(795): CodeIgniter\Database\BaseConnection->initialize()
#2 /home/kamado/ITU/S4/Syst.Info/REGIME/system/Database/BaseBuilder.php(1649): CodeIgniter\Database\BaseConnection->query()
#3 /home/kamado/ITU/S4/Syst.Info/REGIME/system/Model.php(295): CodeIgniter\Database\BaseBuilder->get()
#4 /home/kamado/ITU/S4/Syst.Info/REGIME/system/BaseModel.php(714): CodeIgniter\Model->doFirst()
#5 /home/kamado/ITU/S4/Syst.Info/REGIME/app/Controllers/AuthController.php(20): CodeIgniter\BaseModel->first()
#6 /home/kamado/ITU/S4/Syst.Info/REGIME/system/CodeIgniter.php(951): App\Controllers\AuthController->authenticate()
#7 /home/kamado/ITU/S4/Syst.Info/REGIME/system/CodeIgniter.php(497): CodeIgniter\CodeIgniter->runController()
#8 /home/kamado/ITU/S4/Syst.Info/REGIME/system/CodeIgniter.php(340): CodeIgniter\CodeIgniter->handleRequest()
#9 /home/kamado/ITU/S4/Syst.Info/REGIME/system/Boot.php(417): CodeIgniter\CodeIgniter->run()
#10 /home/kamado/ITU/S4/Syst.Info/REGIME/system/Boot.php(68): CodeIgniter\Boot::runCodeIgniter()
#11 /home/kamado/ITU/S4/Syst.Info/REGIME/public/index.php(59): CodeIgniter\Boot::bootWeb()
#12 {main}
CRITICAL - 2026-05-10 05:42:22 --> CodeIgniter\Database\Exceptions\DatabaseException: Unable to connect to the database.
Main connection [MySQLi]: Connection refused
[Method: POST, Route: login]
in SYSTEMPATH/Database/BaseConnection.php on line 606.
 1 SYSTEMPATH/Database/BaseConnection.php(795): CodeIgniter\Database\BaseConnection->initialize()
 2 SYSTEMPATH/Database/BaseBuilder.php(1649): CodeIgniter\Database\BaseConnection->query()
 3 SYSTEMPATH/Model.php(295): CodeIgniter\Database\BaseBuilder->get()
 4 SYSTEMPATH/BaseModel.php(714): CodeIgniter\Model->doFirst()
 5 APPPATH/Controllers/AuthController.php(20): CodeIgniter\BaseModel->first()
 6 SYSTEMPATH/CodeIgniter.php(951): App\Controllers\AuthController->authenticate()
 7 SYSTEMPATH/CodeIgniter.php(497): CodeIgniter\CodeIgniter->runController()
 8 SYSTEMPATH/CodeIgniter.php(340): CodeIgniter\CodeIgniter->handleRequest()
 9 SYSTEMPATH/Boot.php(417): CodeIgniter\CodeIgniter->run()
10 SYSTEMPATH/Boot.php(68): CodeIgniter\Boot::runCodeIgniter()
11 FCPATH/index.php(59): CodeIgniter\Boot::bootWeb()
CRITICAL - 2026-05-10 05:58:01 --> Error: Class "App\Controllers\UserModel" not found
[Method: GET, Route: admin]
in APPPATH/Controllers/AdminController.php on line 22.
 1 SYSTEMPATH/CodeIgniter.php(951): App\Controllers\AdminController->dashboard()
 2 SYSTEMPATH/CodeIgniter.php(497): CodeIgniter\CodeIgniter->runController()
 3 SYSTEMPATH/CodeIgniter.php(340): CodeIgniter\CodeIgniter->handleRequest()
 4 SYSTEMPATH/Boot.php(417): CodeIgniter\CodeIgniter->run()
 5 SYSTEMPATH/Boot.php(68): CodeIgniter\Boot::runCodeIgniter()
 6 FCPATH/index.php(59): CodeIgniter\Boot::bootWeb()
CRITICAL - 2026-05-10 06:06:00 --> Error: Class "App\Controllers\UserModel" not found
[Method: GET, Route: admin]
in APPPATH/Controllers/AdminController.php on line 22.
 1 SYSTEMPATH/CodeIgniter.php(951): App\Controllers\AdminController->dashboard()
 2 SYSTEMPATH/CodeIgniter.php(497): CodeIgniter\CodeIgniter->runController()
 3 SYSTEMPATH/CodeIgniter.php(340): CodeIgniter\CodeIgniter->handleRequest()
 4 SYSTEMPATH/Boot.php(417): CodeIgniter\CodeIgniter->run()
 5 SYSTEMPATH/Boot.php(68): CodeIgniter\Boot::runCodeIgniter()
 6 FCPATH/index.php(59): CodeIgniter\Boot::bootWeb()
CRITICAL - 2026-05-10 06:06:24 --> Error: Class "App\Controllers\UserModel" not found
[Method: GET, Route: admin]
in APPPATH/Controllers/AdminController.php on line 22.
 1 SYSTEMPATH/CodeIgniter.php(951): App\Controllers\AdminController->dashboard()
 2 SYSTEMPATH/CodeIgniter.php(497): CodeIgniter\CodeIgniter->runController()
 3 SYSTEMPATH/CodeIgniter.php(340): CodeIgniter\CodeIgniter->handleRequest()
 4 SYSTEMPATH/Boot.php(417): CodeIgniter\CodeIgniter->run()
 5 SYSTEMPATH/Boot.php(68): CodeIgniter\Boot::runCodeIgniter()
 6 FCPATH/index.php(59): CodeIgniter\Boot::bootWeb()
CRITICAL - 2026-05-10 06:09:33 --> Error: Class "App\Controllers\UserModel" not found
[Method: GET, Route: admin]
in APPPATH/Controllers/AdminController.php on line 22.
 1 SYSTEMPATH/CodeIgniter.php(951): App\Controllers\AdminController->dashboard()
 2 SYSTEMPATH/CodeIgniter.php(497): CodeIgniter\CodeIgniter->runController()
 3 SYSTEMPATH/CodeIgniter.php(340): CodeIgniter\CodeIgniter->handleRequest()
 4 SYSTEMPATH/Boot.php(417): CodeIgniter\CodeIgniter->run()
 5 SYSTEMPATH/Boot.php(68): CodeIgniter\Boot::runCodeIgniter()
 6 FCPATH/index.php(59): CodeIgniter\Boot::bootWeb()
ERROR - 2026-05-10 06:13:23 --> Unknown column 'created_at' in 'where clause'
in SYSTEMPATH/Database/MySQLi/Connection.php on line 300.
 1 SYSTEMPATH/Database/MySQLi/Connection.php(300): mysqli->query()
 2 SYSTEMPATH/Database/BaseConnection.php(910): CodeIgniter\Database\MySQLi\Connection->execute()
 3 SYSTEMPATH/Database/BaseConnection.php(827): CodeIgniter\Database\BaseConnection->simpleQuery()
 4 SYSTEMPATH/Database/BaseBuilder.php(1733): CodeIgniter\Database\BaseConnection->query()
 5 APPPATH/Controllers/AdminController.php(78): CodeIgniter\Database\BaseBuilder->countAllResults()
 6 APPPATH/Controllers/AdminController.php(45): App\Controllers\AdminController->getMonthlyStats()
 7 SYSTEMPATH/CodeIgniter.php(951): App\Controllers\AdminController->dashboard()
 8 SYSTEMPATH/CodeIgniter.php(497): CodeIgniter\CodeIgniter->runController()
 9 SYSTEMPATH/CodeIgniter.php(340): CodeIgniter\CodeIgniter->handleRequest()
10 SYSTEMPATH/Boot.php(417): CodeIgniter\CodeIgniter->run()
11 SYSTEMPATH/Boot.php(68): CodeIgniter\Boot::runCodeIgniter()
12 FCPATH/index.php(59): CodeIgniter\Boot::bootWeb()
CRITICAL - 2026-05-10 06:13:23 --> CodeIgniter\Database\Exceptions\DatabaseException: Unknown column 'created_at' in 'where clause'
[Method: GET, Route: admin]
in SYSTEMPATH/Database/BaseConnection.php on line 865.
 1 SYSTEMPATH/Database/BaseBuilder.php(1733): CodeIgniter\Database\BaseConnection->query()
 2 APPPATH/Controllers/AdminController.php(78): CodeIgniter\Database\BaseBuilder->countAllResults()
 3 APPPATH/Controllers/AdminController.php(45): App\Controllers\AdminController->getMonthlyStats()
 4 SYSTEMPATH/CodeIgniter.php(951): App\Controllers\AdminController->dashboard()
 5 SYSTEMPATH/CodeIgniter.php(497): CodeIgniter\CodeIgniter->runController()
 6 SYSTEMPATH/CodeIgniter.php(340): CodeIgniter\CodeIgniter->handleRequest()
 7 SYSTEMPATH/Boot.php(417): CodeIgniter\CodeIgniter->run()
 8 SYSTEMPATH/Boot.php(68): CodeIgniter\Boot::runCodeIgniter()
 9 FCPATH/index.php(59): CodeIgniter\Boot::bootWeb()
CRITICAL - 2026-05-10 06:13:23 --> [Caused by] CodeIgniter\Database\Exceptions\DatabaseException: Unknown column 'created_at' in 'where clause'
in SYSTEMPATH/Database/MySQLi/Connection.php on line 310.
 1 SYSTEMPATH/Database/BaseConnection.php(910): CodeIgniter\Database\MySQLi\Connection->execute()
 2 SYSTEMPATH/Database/BaseConnection.php(827): CodeIgniter\Database\BaseConnection->simpleQuery()
 3 SYSTEMPATH/Database/BaseBuilder.php(1733): CodeIgniter\Database\BaseConnection->query()
 4 APPPATH/Controllers/AdminController.php(78): CodeIgniter\Database\BaseBuilder->countAllResults()
 5 APPPATH/Controllers/AdminController.php(45): App\Controllers\AdminController->getMonthlyStats()
 6 SYSTEMPATH/CodeIgniter.php(951): App\Controllers\AdminController->dashboard()
 7 SYSTEMPATH/CodeIgniter.php(497): CodeIgniter\CodeIgniter->runController()
 8 SYSTEMPATH/CodeIgniter.php(340): CodeIgniter\CodeIgniter->handleRequest()
 9 SYSTEMPATH/Boot.php(417): CodeIgniter\CodeIgniter->run()
10 SYSTEMPATH/Boot.php(68): CodeIgniter\Boot::runCodeIgniter()
11 FCPATH/index.php(59): CodeIgniter\Boot::bootWeb()
CRITICAL - 2026-05-10 06:13:23 --> [Caused by] mysqli_sql_exception: Unknown column 'created_at' in 'where clause'
in SYSTEMPATH/Database/MySQLi/Connection.php on line 300.
 1 SYSTEMPATH/Database/MySQLi/Connection.php(300): mysqli->query()
 2 SYSTEMPATH/Database/BaseConnection.php(910): CodeIgniter\Database\MySQLi\Connection->execute()
 3 SYSTEMPATH/Database/BaseConnection.php(827): CodeIgniter\Database\BaseConnection->simpleQuery()
 4 SYSTEMPATH/Database/BaseBuilder.php(1733): CodeIgniter\Database\BaseConnection->query()
 5 APPPATH/Controllers/AdminController.php(78): CodeIgniter\Database\BaseBuilder->countAllResults()
 6 APPPATH/Controllers/AdminController.php(45): App\Controllers\AdminController->getMonthlyStats()
 7 SYSTEMPATH/CodeIgniter.php(951): App\Controllers\AdminController->dashboard()
 8 SYSTEMPATH/CodeIgniter.php(497): CodeIgniter\CodeIgniter->runController()
 9 SYSTEMPATH/CodeIgniter.php(340): CodeIgniter\CodeIgniter->handleRequest()
10 SYSTEMPATH/Boot.php(417): CodeIgniter\CodeIgniter->run()
11 SYSTEMPATH/Boot.php(68): CodeIgniter\Boot::runCodeIgniter()
12 FCPATH/index.php(59): CodeIgniter\Boot::bootWeb()
ERROR - 2026-05-10 06:13:47 --> Unknown column 'created_at' in 'where clause'
in SYSTEMPATH/Database/MySQLi/Connection.php on line 300.
 1 SYSTEMPATH/Database/MySQLi/Connection.php(300): mysqli->query()
 2 SYSTEMPATH/Database/BaseConnection.php(910): CodeIgniter\Database\MySQLi\Connection->execute()
 3 SYSTEMPATH/Database/BaseConnection.php(827): CodeIgniter\Database\BaseConnection->simpleQuery()
 4 SYSTEMPATH/Database/BaseBuilder.php(1733): CodeIgniter\Database\BaseConnection->query()
 5 APPPATH/Controllers/AdminController.php(78): CodeIgniter\Database\BaseBuilder->countAllResults()
 6 APPPATH/Controllers/AdminController.php(45): App\Controllers\AdminController->getMonthlyStats()
 7 SYSTEMPATH/CodeIgniter.php(951): App\Controllers\AdminController->dashboard()
 8 SYSTEMPATH/CodeIgniter.php(497): CodeIgniter\CodeIgniter->runController()
 9 SYSTEMPATH/CodeIgniter.php(340): CodeIgniter\CodeIgniter->handleRequest()
10 SYSTEMPATH/Boot.php(417): CodeIgniter\CodeIgniter->run()
11 SYSTEMPATH/Boot.php(68): CodeIgniter\Boot::runCodeIgniter()
12 FCPATH/index.php(59): CodeIgniter\Boot::bootWeb()
CRITICAL - 2026-05-10 06:13:47 --> CodeIgniter\Database\Exceptions\DatabaseException: Unknown column 'created_at' in 'where clause'
[Method: GET, Route: admin]
in SYSTEMPATH/Database/BaseConnection.php on line 865.
 1 SYSTEMPATH/Database/BaseBuilder.php(1733): CodeIgniter\Database\BaseConnection->query()
 2 APPPATH/Controllers/AdminController.php(78): CodeIgniter\Database\BaseBuilder->countAllResults()
 3 APPPATH/Controllers/AdminController.php(45): App\Controllers\AdminController->getMonthlyStats()
 4 SYSTEMPATH/CodeIgniter.php(951): App\Controllers\AdminController->dashboard()
 5 SYSTEMPATH/CodeIgniter.php(497): CodeIgniter\CodeIgniter->runController()
 6 SYSTEMPATH/CodeIgniter.php(340): CodeIgniter\CodeIgniter->handleRequest()
 7 SYSTEMPATH/Boot.php(417): CodeIgniter\CodeIgniter->run()
 8 SYSTEMPATH/Boot.php(68): CodeIgniter\Boot::runCodeIgniter()
 9 FCPATH/index.php(59): CodeIgniter\Boot::bootWeb()
CRITICAL - 2026-05-10 06:13:47 --> [Caused by] CodeIgniter\Database\Exceptions\DatabaseException: Unknown column 'created_at' in 'where clause'
in SYSTEMPATH/Database/MySQLi/Connection.php on line 310.
 1 SYSTEMPATH/Database/BaseConnection.php(910): CodeIgniter\Database\MySQLi\Connection->execute()
 2 SYSTEMPATH/Database/BaseConnection.php(827): CodeIgniter\Database\BaseConnection->simpleQuery()
 3 SYSTEMPATH/Database/BaseBuilder.php(1733): CodeIgniter\Database\BaseConnection->query()
 4 APPPATH/Controllers/AdminController.php(78): CodeIgniter\Database\BaseBuilder->countAllResults()
 5 APPPATH/Controllers/AdminController.php(45): App\Controllers\AdminController->getMonthlyStats()
 6 SYSTEMPATH/CodeIgniter.php(951): App\Controllers\AdminController->dashboard()
 7 SYSTEMPATH/CodeIgniter.php(497): CodeIgniter\CodeIgniter->runController()
 8 SYSTEMPATH/CodeIgniter.php(340): CodeIgniter\CodeIgniter->handleRequest()
 9 SYSTEMPATH/Boot.php(417): CodeIgniter\CodeIgniter->run()
10 SYSTEMPATH/Boot.php(68): CodeIgniter\Boot::runCodeIgniter()
11 FCPATH/index.php(59): CodeIgniter\Boot::bootWeb()
CRITICAL - 2026-05-10 06:13:47 --> [Caused by] mysqli_sql_exception: Unknown column 'created_at' in 'where clause'
in SYSTEMPATH/Database/MySQLi/Connection.php on line 300.
 1 SYSTEMPATH/Database/MySQLi/Connection.php(300): mysqli->query()
 2 SYSTEMPATH/Database/BaseConnection.php(910): CodeIgniter\Database\MySQLi\Connection->execute()
 3 SYSTEMPATH/Database/BaseConnection.php(827): CodeIgniter\Database\BaseConnection->simpleQuery()
 4 SYSTEMPATH/Database/BaseBuilder.php(1733): CodeIgniter\Database\BaseConnection->query()
 5 APPPATH/Controllers/AdminController.php(78): CodeIgniter\Database\BaseBuilder->countAllResults()
 6 APPPATH/Controllers/AdminController.php(45): App\Controllers\AdminController->getMonthlyStats()
 7 SYSTEMPATH/CodeIgniter.php(951): App\Controllers\AdminController->dashboard()
 8 SYSTEMPATH/CodeIgniter.php(497): CodeIgniter\CodeIgniter->runController()
 9 SYSTEMPATH/CodeIgniter.php(340): CodeIgniter\CodeIgniter->handleRequest()
10 SYSTEMPATH/Boot.php(417): CodeIgniter\CodeIgniter->run()
11 SYSTEMPATH/Boot.php(68): CodeIgniter\Boot::runCodeIgniter()
12 FCPATH/index.php(59): CodeIgniter\Boot::bootWeb()
ERROR - 2026-05-10 06:13:55 --> Unknown column 'created_at' in 'where clause'
in SYSTEMPATH/Database/MySQLi/Connection.php on line 300.
 1 SYSTEMPATH/Database/MySQLi/Connection.php(300): mysqli->query()
 2 SYSTEMPATH/Database/BaseConnection.php(910): CodeIgniter\Database\MySQLi\Connection->execute()
 3 SYSTEMPATH/Database/BaseConnection.php(827): CodeIgniter\Database\BaseConnection->simpleQuery()
 4 SYSTEMPATH/Database/BaseBuilder.php(1733): CodeIgniter\Database\BaseConnection->query()
 5 APPPATH/Controllers/AdminController.php(78): CodeIgniter\Database\BaseBuilder->countAllResults()
 6 APPPATH/Controllers/AdminController.php(45): App\Controllers\AdminController->getMonthlyStats()
 7 SYSTEMPATH/CodeIgniter.php(951): App\Controllers\AdminController->dashboard()
 8 SYSTEMPATH/CodeIgniter.php(497): CodeIgniter\CodeIgniter->runController()
 9 SYSTEMPATH/CodeIgniter.php(340): CodeIgniter\CodeIgniter->handleRequest()
10 SYSTEMPATH/Boot.php(417): CodeIgniter\CodeIgniter->run()
11 SYSTEMPATH/Boot.php(68): CodeIgniter\Boot::runCodeIgniter()
12 FCPATH/index.php(59): CodeIgniter\Boot::bootWeb()
CRITICAL - 2026-05-10 06:13:55 --> CodeIgniter\Database\Exceptions\DatabaseException: Unknown column 'created_at' in 'where clause'
[Method: GET, Route: admin]
in SYSTEMPATH/Database/BaseConnection.php on line 865.
 1 SYSTEMPATH/Database/BaseBuilder.php(1733): CodeIgniter\Database\BaseConnection->query()
 2 APPPATH/Controllers/AdminController.php(78): CodeIgniter\Database\BaseBuilder->countAllResults()
 3 APPPATH/Controllers/AdminController.php(45): App\Controllers\AdminController->getMonthlyStats()
 4 SYSTEMPATH/CodeIgniter.php(951): App\Controllers\AdminController->dashboard()
 5 SYSTEMPATH/CodeIgniter.php(497): CodeIgniter\CodeIgniter->runController()
 6 SYSTEMPATH/CodeIgniter.php(340): CodeIgniter\CodeIgniter->handleRequest()
 7 SYSTEMPATH/Boot.php(417): CodeIgniter\CodeIgniter->run()
 8 SYSTEMPATH/Boot.php(68): CodeIgniter\Boot::runCodeIgniter()
 9 FCPATH/index.php(59): CodeIgniter\Boot::bootWeb()
CRITICAL - 2026-05-10 06:13:55 --> [Caused by] CodeIgniter\Database\Exceptions\DatabaseException: Unknown column 'created_at' in 'where clause'
in SYSTEMPATH/Database/MySQLi/Connection.php on line 310.
 1 SYSTEMPATH/Database/BaseConnection.php(910): CodeIgniter\Database\MySQLi\Connection->execute()
 2 SYSTEMPATH/Database/BaseConnection.php(827): CodeIgniter\Database\BaseConnection->simpleQuery()
 3 SYSTEMPATH/Database/BaseBuilder.php(1733): CodeIgniter\Database\BaseConnection->query()
 4 APPPATH/Controllers/AdminController.php(78): CodeIgniter\Database\BaseBuilder->countAllResults()
 5 APPPATH/Controllers/AdminController.php(45): App\Controllers\AdminController->getMonthlyStats()
 6 SYSTEMPATH/CodeIgniter.php(951): App\Controllers\AdminController->dashboard()
 7 SYSTEMPATH/CodeIgniter.php(497): CodeIgniter\CodeIgniter->runController()
 8 SYSTEMPATH/CodeIgniter.php(340): CodeIgniter\CodeIgniter->handleRequest()
 9 SYSTEMPATH/Boot.php(417): CodeIgniter\CodeIgniter->run()
10 SYSTEMPATH/Boot.php(68): CodeIgniter\Boot::runCodeIgniter()
11 FCPATH/index.php(59): CodeIgniter\Boot::bootWeb()
CRITICAL - 2026-05-10 06:13:55 --> [Caused by] mysqli_sql_exception: Unknown column 'created_at' in 'where clause'
in SYSTEMPATH/Database/MySQLi/Connection.php on line 300.
 1 SYSTEMPATH/Database/MySQLi/Connection.php(300): mysqli->query()
 2 SYSTEMPATH/Database/BaseConnection.php(910): CodeIgniter\Database\MySQLi\Connection->execute()
 3 SYSTEMPATH/Database/BaseConnection.php(827): CodeIgniter\Database\BaseConnection->simpleQuery()
 4 SYSTEMPATH/Database/BaseBuilder.php(1733): CodeIgniter\Database\BaseConnection->query()
 5 APPPATH/Controllers/AdminController.php(78): CodeIgniter\Database\BaseBuilder->countAllResults()
 6 APPPATH/Controllers/AdminController.php(45): App\Controllers\AdminController->getMonthlyStats()
 7 SYSTEMPATH/CodeIgniter.php(951): App\Controllers\AdminController->dashboard()
 8 SYSTEMPATH/CodeIgniter.php(497): CodeIgniter\CodeIgniter->runController()
 9 SYSTEMPATH/CodeIgniter.php(340): CodeIgniter\CodeIgniter->handleRequest()
10 SYSTEMPATH/Boot.php(417): CodeIgniter\CodeIgniter->run()
11 SYSTEMPATH/Boot.php(68): CodeIgniter\Boot::runCodeIgniter()
12 FCPATH/index.php(59): CodeIgniter\Boot::bootWeb()
ERROR - 2026-05-10 06:14:06 --> Unknown column 'created_at' in 'where clause'
in SYSTEMPATH/Database/MySQLi/Connection.php on line 300.
 1 SYSTEMPATH/Database/MySQLi/Connection.php(300): mysqli->query()
 2 SYSTEMPATH/Database/BaseConnection.php(910): CodeIgniter\Database\MySQLi\Connection->execute()
 3 SYSTEMPATH/Database/BaseConnection.php(827): CodeIgniter\Database\BaseConnection->simpleQuery()
 4 SYSTEMPATH/Database/BaseBuilder.php(1733): CodeIgniter\Database\BaseConnection->query()
 5 APPPATH/Controllers/AdminController.php(78): CodeIgniter\Database\BaseBuilder->countAllResults()
 6 APPPATH/Controllers/AdminController.php(45): App\Controllers\AdminController->getMonthlyStats()
 7 SYSTEMPATH/CodeIgniter.php(951): App\Controllers\AdminController->dashboard()
 8 SYSTEMPATH/CodeIgniter.php(497): CodeIgniter\CodeIgniter->runController()
 9 SYSTEMPATH/CodeIgniter.php(340): CodeIgniter\CodeIgniter->handleRequest()
10 SYSTEMPATH/Boot.php(417): CodeIgniter\CodeIgniter->run()
11 SYSTEMPATH/Boot.php(68): CodeIgniter\Boot::runCodeIgniter()
12 FCPATH/index.php(59): CodeIgniter\Boot::bootWeb()
CRITICAL - 2026-05-10 06:14:06 --> CodeIgniter\Database\Exceptions\DatabaseException: Unknown column 'created_at' in 'where clause'
[Method: GET, Route: admin]
in SYSTEMPATH/Database/BaseConnection.php on line 865.
 1 SYSTEMPATH/Database/BaseBuilder.php(1733): CodeIgniter\Database\BaseConnection->query()
 2 APPPATH/Controllers/AdminController.php(78): CodeIgniter\Database\BaseBuilder->countAllResults()
 3 APPPATH/Controllers/AdminController.php(45): App\Controllers\AdminController->getMonthlyStats()
 4 SYSTEMPATH/CodeIgniter.php(951): App\Controllers\AdminController->dashboard()
 5 SYSTEMPATH/CodeIgniter.php(497): CodeIgniter\CodeIgniter->runController()
 6 SYSTEMPATH/CodeIgniter.php(340): CodeIgniter\CodeIgniter->handleRequest()
 7 SYSTEMPATH/Boot.php(417): CodeIgniter\CodeIgniter->run()
 8 SYSTEMPATH/Boot.php(68): CodeIgniter\Boot::runCodeIgniter()
 9 FCPATH/index.php(59): CodeIgniter\Boot::bootWeb()
CRITICAL - 2026-05-10 06:14:06 --> [Caused by] CodeIgniter\Database\Exceptions\DatabaseException: Unknown column 'created_at' in 'where clause'
in SYSTEMPATH/Database/MySQLi/Connection.php on line 310.
 1 SYSTEMPATH/Database/BaseConnection.php(910): CodeIgniter\Database\MySQLi\Connection->execute()
 2 SYSTEMPATH/Database/BaseConnection.php(827): CodeIgniter\Database\BaseConnection->simpleQuery()
 3 SYSTEMPATH/Database/BaseBuilder.php(1733): CodeIgniter\Database\BaseConnection->query()
 4 APPPATH/Controllers/AdminController.php(78): CodeIgniter\Database\BaseBuilder->countAllResults()
 5 APPPATH/Controllers/AdminController.php(45): App\Controllers\AdminController->getMonthlyStats()
 6 SYSTEMPATH/CodeIgniter.php(951): App\Controllers\AdminController->dashboard()
 7 SYSTEMPATH/CodeIgniter.php(497): CodeIgniter\CodeIgniter->runController()
 8 SYSTEMPATH/CodeIgniter.php(340): CodeIgniter\CodeIgniter->handleRequest()
 9 SYSTEMPATH/Boot.php(417): CodeIgniter\CodeIgniter->run()
10 SYSTEMPATH/Boot.php(68): CodeIgniter\Boot::runCodeIgniter()
11 FCPATH/index.php(59): CodeIgniter\Boot::bootWeb()
CRITICAL - 2026-05-10 06:14:06 --> [Caused by] mysqli_sql_exception: Unknown column 'created_at' in 'where clause'
in SYSTEMPATH/Database/MySQLi/Connection.php on line 300.
 1 SYSTEMPATH/Database/MySQLi/Connection.php(300): mysqli->query()
 2 SYSTEMPATH/Database/BaseConnection.php(910): CodeIgniter\Database\MySQLi\Connection->execute()
 3 SYSTEMPATH/Database/BaseConnection.php(827): CodeIgniter\Database\BaseConnection->simpleQuery()
 4 SYSTEMPATH/Database/BaseBuilder.php(1733): CodeIgniter\Database\BaseConnection->query()
 5 APPPATH/Controllers/AdminController.php(78): CodeIgniter\Database\BaseBuilder->countAllResults()
 6 APPPATH/Controllers/AdminController.php(45): App\Controllers\AdminController->getMonthlyStats()
 7 SYSTEMPATH/CodeIgniter.php(951): App\Controllers\AdminController->dashboard()
 8 SYSTEMPATH/CodeIgniter.php(497): CodeIgniter\CodeIgniter->runController()
 9 SYSTEMPATH/CodeIgniter.php(340): CodeIgniter\CodeIgniter->handleRequest()
10 SYSTEMPATH/Boot.php(417): CodeIgniter\CodeIgniter->run()
11 SYSTEMPATH/Boot.php(68): CodeIgniter\Boot::runCodeIgniter()
12 FCPATH/index.php(59): CodeIgniter\Boot::bootWeb()
CRITICAL - 2026-05-10 06:22:20 --> ErrorException: Array to string conversion
[Method: GET, Route: admin]
in APPPATH/Views/admin/dashboard.php on line 244.
 1 APPPATH/Views/admin/dashboard.php(244): CodeIgniter\Debug\Exceptions->errorHandler()
 2 SYSTEMPATH/View/View.php(240): include('/home/kamado/ITU/S4/Syst.Info/REGIME/app/Views/admin/dashboard.php')
 3 SYSTEMPATH/View/View.php(243): CodeIgniter\View\View->CodeIgniter\View\{closure}()
 4 SYSTEMPATH/Common.php(1250): CodeIgniter\View\View->render()
 5 APPPATH/Controllers/AdminController.php(52): view()
 6 SYSTEMPATH/CodeIgniter.php(951): App\Controllers\AdminController->dashboard()
 7 SYSTEMPATH/CodeIgniter.php(497): CodeIgniter\CodeIgniter->runController()
 8 SYSTEMPATH/CodeIgniter.php(340): CodeIgniter\CodeIgniter->handleRequest()
 9 SYSTEMPATH/Boot.php(417): CodeIgniter\CodeIgniter->run()
10 SYSTEMPATH/Boot.php(68): CodeIgniter\Boot::runCodeIgniter()
11 FCPATH/index.php(59): CodeIgniter\Boot::bootWeb()
CRITICAL - 2026-05-10 06:22:26 --> ErrorException: Array to string conversion
[Method: GET, Route: admin]
in APPPATH/Views/admin/dashboard.php on line 244.
 1 APPPATH/Views/admin/dashboard.php(244): CodeIgniter\Debug\Exceptions->errorHandler()
 2 SYSTEMPATH/View/View.php(240): include('/home/kamado/ITU/S4/Syst.Info/REGIME/app/Views/admin/dashboard.php')
 3 SYSTEMPATH/View/View.php(243): CodeIgniter\View\View->CodeIgniter\View\{closure}()
 4 SYSTEMPATH/Common.php(1250): CodeIgniter\View\View->render()
 5 APPPATH/Controllers/AdminController.php(52): view()
 6 SYSTEMPATH/CodeIgniter.php(951): App\Controllers\AdminController->dashboard()
 7 SYSTEMPATH/CodeIgniter.php(497): CodeIgniter\CodeIgniter->runController()
 8 SYSTEMPATH/CodeIgniter.php(340): CodeIgniter\CodeIgniter->handleRequest()
 9 SYSTEMPATH/Boot.php(417): CodeIgniter\CodeIgniter->run()
10 SYSTEMPATH/Boot.php(68): CodeIgniter\Boot::runCodeIgniter()
11 FCPATH/index.php(59): CodeIgniter\Boot::bootWeb()
CRITICAL - 2026-05-10 06:23:08 --> ErrorException: Array to string conversion
[Method: GET, Route: admin]
in APPPATH/Views/admin/dashboard.php on line 244.
 1 APPPATH/Views/admin/dashboard.php(244): CodeIgniter\Debug\Exceptions->errorHandler()
 2 SYSTEMPATH/View/View.php(240): include('/home/kamado/ITU/S4/Syst.Info/REGIME/app/Views/admin/dashboard.php')
 3 SYSTEMPATH/View/View.php(243): CodeIgniter\View\View->CodeIgniter\View\{closure}()
 4 SYSTEMPATH/Common.php(1250): CodeIgniter\View\View->render()
 5 APPPATH/Controllers/AdminController.php(52): view()
 6 SYSTEMPATH/CodeIgniter.php(951): App\Controllers\AdminController->dashboard()
 7 SYSTEMPATH/CodeIgniter.php(497): CodeIgniter\CodeIgniter->runController()
 8 SYSTEMPATH/CodeIgniter.php(340): CodeIgniter\CodeIgniter->handleRequest()
 9 SYSTEMPATH/Boot.php(417): CodeIgniter\CodeIgniter->run()
10 SYSTEMPATH/Boot.php(68): CodeIgniter\Boot::runCodeIgniter()
11 FCPATH/index.php(59): CodeIgniter\Boot::bootWeb()
CRITICAL - 2026-05-10 06:23:09 --> ErrorException: Array to string conversion
[Method: GET, Route: admin]
in APPPATH/Views/admin/dashboard.php on line 244.
 1 APPPATH/Views/admin/dashboard.php(244): CodeIgniter\Debug\Exceptions->errorHandler()
 2 SYSTEMPATH/View/View.php(240): include('/home/kamado/ITU/S4/Syst.Info/REGIME/app/Views/admin/dashboard.php')
 3 SYSTEMPATH/View/View.php(243): CodeIgniter\View\View->CodeIgniter\View\{closure}()
 4 SYSTEMPATH/Common.php(1250): CodeIgniter\View\View->render()
 5 APPPATH/Controllers/AdminController.php(52): view()
 6 SYSTEMPATH/CodeIgniter.php(951): App\Controllers\AdminController->dashboard()
 7 SYSTEMPATH/CodeIgniter.php(497): CodeIgniter\CodeIgniter->runController()
 8 SYSTEMPATH/CodeIgniter.php(340): CodeIgniter\CodeIgniter->handleRequest()
 9 SYSTEMPATH/Boot.php(417): CodeIgniter\CodeIgniter->run()
10 SYSTEMPATH/Boot.php(68): CodeIgniter\Boot::runCodeIgniter()
11 FCPATH/index.php(59): CodeIgniter\Boot::bootWeb()
CRITICAL - 2026-05-10 06:23:09 --> ErrorException: Array to string conversion
[Method: GET, Route: admin]
in APPPATH/Views/admin/dashboard.php on line 244.
 1 APPPATH/Views/admin/dashboard.php(244): CodeIgniter\Debug\Exceptions->errorHandler()
 2 SYSTEMPATH/View/View.php(240): include('/home/kamado/ITU/S4/Syst.Info/REGIME/app/Views/admin/dashboard.php')
 3 SYSTEMPATH/View/View.php(243): CodeIgniter\View\View->CodeIgniter\View\{closure}()
 4 SYSTEMPATH/Common.php(1250): CodeIgniter\View\View->render()
 5 APPPATH/Controllers/AdminController.php(52): view()
 6 SYSTEMPATH/CodeIgniter.php(951): App\Controllers\AdminController->dashboard()
 7 SYSTEMPATH/CodeIgniter.php(497): CodeIgniter\CodeIgniter->runController()
 8 SYSTEMPATH/CodeIgniter.php(340): CodeIgniter\CodeIgniter->handleRequest()
 9 SYSTEMPATH/Boot.php(417): CodeIgniter\CodeIgniter->run()
10 SYSTEMPATH/Boot.php(68): CodeIgniter\Boot::runCodeIgniter()
11 FCPATH/index.php(59): CodeIgniter\Boot::bootWeb()
CRITICAL - 2026-05-10 06:23:26 --> ErrorException: Array to string conversion
[Method: GET, Route: admin]
in APPPATH/Views/admin/dashboard.php on line 244.
 1 APPPATH/Views/admin/dashboard.php(244): CodeIgniter\Debug\Exceptions->errorHandler()
 2 SYSTEMPATH/View/View.php(240): include('/home/kamado/ITU/S4/Syst.Info/REGIME/app/Views/admin/dashboard.php')
 3 SYSTEMPATH/View/View.php(243): CodeIgniter\View\View->CodeIgniter\View\{closure}()
 4 SYSTEMPATH/Common.php(1250): CodeIgniter\View\View->render()
 5 APPPATH/Controllers/AdminController.php(52): view()
 6 SYSTEMPATH/CodeIgniter.php(951): App\Controllers\AdminController->dashboard()
 7 SYSTEMPATH/CodeIgniter.php(497): CodeIgniter\CodeIgniter->runController()
 8 SYSTEMPATH/CodeIgniter.php(340): CodeIgniter\CodeIgniter->handleRequest()
 9 SYSTEMPATH/Boot.php(417): CodeIgniter\CodeIgniter->run()
10 SYSTEMPATH/Boot.php(68): CodeIgniter\Boot::runCodeIgniter()
11 FCPATH/index.php(59): CodeIgniter\Boot::bootWeb()
CRITICAL - 2026-05-10 06:23:26 --> ErrorException: Array to string conversion
[Method: GET, Route: admin]
in APPPATH/Views/admin/dashboard.php on line 244.
 1 APPPATH/Views/admin/dashboard.php(244): CodeIgniter\Debug\Exceptions->errorHandler()
 2 SYSTEMPATH/View/View.php(240): include('/home/kamado/ITU/S4/Syst.Info/REGIME/app/Views/admin/dashboard.php')
 3 SYSTEMPATH/View/View.php(243): CodeIgniter\View\View->CodeIgniter\View\{closure}()
 4 SYSTEMPATH/Common.php(1250): CodeIgniter\View\View->render()
 5 APPPATH/Controllers/AdminController.php(52): view()
 6 SYSTEMPATH/CodeIgniter.php(951): App\Controllers\AdminController->dashboard()
 7 SYSTEMPATH/CodeIgniter.php(497): CodeIgniter\CodeIgniter->runController()
 8 SYSTEMPATH/CodeIgniter.php(340): CodeIgniter\CodeIgniter->handleRequest()
 9 SYSTEMPATH/Boot.php(417): CodeIgniter\CodeIgniter->run()
10 SYSTEMPATH/Boot.php(68): CodeIgniter\Boot::runCodeIgniter()
11 FCPATH/index.php(59): CodeIgniter\Boot::bootWeb()
CRITICAL - 2026-05-10 06:23:26 --> ErrorException: Array to string conversion
[Method: GET, Route: admin]
in APPPATH/Views/admin/dashboard.php on line 244.
 1 APPPATH/Views/admin/dashboard.php(244): CodeIgniter\Debug\Exceptions->errorHandler()
 2 SYSTEMPATH/View/View.php(240): include('/home/kamado/ITU/S4/Syst.Info/REGIME/app/Views/admin/dashboard.php')
 3 SYSTEMPATH/View/View.php(243): CodeIgniter\View\View->CodeIgniter\View\{closure}()
 4 SYSTEMPATH/Common.php(1250): CodeIgniter\View\View->render()
 5 APPPATH/Controllers/AdminController.php(52): view()
 6 SYSTEMPATH/CodeIgniter.php(951): App\Controllers\AdminController->dashboard()
 7 SYSTEMPATH/CodeIgniter.php(497): CodeIgniter\CodeIgniter->runController()
 8 SYSTEMPATH/CodeIgniter.php(340): CodeIgniter\CodeIgniter->handleRequest()
 9 SYSTEMPATH/Boot.php(417): CodeIgniter\CodeIgniter->run()
10 SYSTEMPATH/Boot.php(68): CodeIgniter\Boot::runCodeIgniter()
11 FCPATH/index.php(59): CodeIgniter\Boot::bootWeb()
CRITICAL - 2026-05-10 06:23:32 --> ErrorException: Array to string conversion
[Method: GET, Route: admin]
in APPPATH/Views/admin/dashboard.php on line 244.
 1 APPPATH/Views/admin/dashboard.php(244): CodeIgniter\Debug\Exceptions->errorHandler()
 2 SYSTEMPATH/View/View.php(240): include('/home/kamado/ITU/S4/Syst.Info/REGIME/app/Views/admin/dashboard.php')
 3 SYSTEMPATH/View/View.php(243): CodeIgniter\View\View->CodeIgniter\View\{closure}()
 4 SYSTEMPATH/Common.php(1250): CodeIgniter\View\View->render()
 5 APPPATH/Controllers/AdminController.php(52): view()
 6 SYSTEMPATH/CodeIgniter.php(951): App\Controllers\AdminController->dashboard()
 7 SYSTEMPATH/CodeIgniter.php(497): CodeIgniter\CodeIgniter->runController()
 8 SYSTEMPATH/CodeIgniter.php(340): CodeIgniter\CodeIgniter->handleRequest()
 9 SYSTEMPATH/Boot.php(417): CodeIgniter\CodeIgniter->run()
10 SYSTEMPATH/Boot.php(68): CodeIgniter\Boot::runCodeIgniter()
11 FCPATH/index.php(59): CodeIgniter\Boot::bootWeb()
CRITICAL - 2026-05-10 06:23:54 --> ErrorException: Array to string conversion
[Method: GET, Route: admin]
in APPPATH/Views/admin/dashboard.php on line 244.
 1 APPPATH/Views/admin/dashboard.php(244): CodeIgniter\Debug\Exceptions->errorHandler()
 2 SYSTEMPATH/View/View.php(240): include('/home/kamado/ITU/S4/Syst.Info/REGIME/app/Views/admin/dashboard.php')
 3 SYSTEMPATH/View/View.php(243): CodeIgniter\View\View->CodeIgniter\View\{closure}()
 4 SYSTEMPATH/Common.php(1250): CodeIgniter\View\View->render()
 5 APPPATH/Controllers/AdminController.php(52): view()
 6 SYSTEMPATH/CodeIgniter.php(951): App\Controllers\AdminController->dashboard()
 7 SYSTEMPATH/CodeIgniter.php(497): CodeIgniter\CodeIgniter->runController()
 8 SYSTEMPATH/CodeIgniter.php(340): CodeIgniter\CodeIgniter->handleRequest()
 9 SYSTEMPATH/Boot.php(417): CodeIgniter\CodeIgniter->run()
10 SYSTEMPATH/Boot.php(68): CodeIgniter\Boot::runCodeIgniter()
11 FCPATH/index.php(59): CodeIgniter\Boot::bootWeb()
