ERROR - 2026-05-11 17:26:05 --> Error connecting to the database: mysqli_sql_exception: No such file or directory in /home/kamado/ITU/S4/Syst.Info/REGIME/system/Database/MySQLi/Connection.php:201
Stack trace:
#0 /home/kamado/ITU/S4/Syst.Info/REGIME/system/Database/MySQLi/Connection.php(201): mysqli->real_connect()
#1 /home/kamado/ITU/S4/Syst.Info/REGIME/system/Database/BaseConnection.php(555): CodeIgniter\Database\MySQLi\Connection->connect()
#2 /home/kamado/ITU/S4/Syst.Info/REGIME/system/Database/BaseConnection.php(795): CodeIgniter\Database\BaseConnection->initialize()
#3 /home/kamado/ITU/S4/Syst.Info/REGIME/system/Database/BaseBuilder.php(1649): CodeIgniter\Database\BaseConnection->query()
#4 /home/kamado/ITU/S4/Syst.Info/REGIME/system/Model.php(295): CodeIgniter\Database\BaseBuilder->get()
#5 /home/kamado/ITU/S4/Syst.Info/REGIME/system/BaseModel.php(714): CodeIgniter\Model->doFirst()
#6 /home/kamado/ITU/S4/Syst.Info/REGIME/app/Controllers/AuthController.php(20): CodeIgniter\BaseModel->first()
#7 /home/kamado/ITU/S4/Syst.Info/REGIME/system/CodeIgniter.php(951): App\Controllers\AuthController->authenticate()
#8 /home/kamado/ITU/S4/Syst.Info/REGIME/system/CodeIgniter.php(497): CodeIgniter\CodeIgniter->runController()
#9 /home/kamado/ITU/S4/Syst.Info/REGIME/system/CodeIgniter.php(340): CodeIgniter\CodeIgniter->handleRequest()
#10 /home/kamado/ITU/S4/Syst.Info/REGIME/system/Boot.php(417): CodeIgniter\CodeIgniter->run()
#11 /home/kamado/ITU/S4/Syst.Info/REGIME/system/Boot.php(68): CodeIgniter\Boot::runCodeIgniter()
#12 /home/kamado/ITU/S4/Syst.Info/REGIME/public/index.php(59): CodeIgniter\Boot::bootWeb()
#13 {main}

Next CodeIgniter\Database\Exceptions\DatabaseException: No such file or directory in /home/kamado/ITU/S4/Syst.Info/REGIME/system/Database/MySQLi/Connection.php:231
Stack trace:
#0 /home/kamado/ITU/S4/Syst.Info/REGIME/system/Database/BaseConnection.php(555): CodeIgniter\Database\MySQLi\Connection->connect()
#1 /home/kamado/ITU/S4/Syst.Info/REGIME/system/Database/BaseConnection.php(795): CodeIgniter\Database\BaseConnection->initialize()
#2 /home/kamado/ITU/S4/Syst.Info/REGIME/system/Database/BaseBuilder.php(1649): CodeIgniter\Database\BaseConnection->query()
#3 /home/kamado/ITU/S4/Syst.Info/REGIME/system/Model.php(295): CodeIgniter\Database\BaseBuilder->get()
#4 /home/kamado/ITU/S4/Syst.Info/REGIME/system/BaseModel.php(714): CodeIgniter\Model->doFirst()
#5 /home/kamado/ITU/S4/Syst.Info/REGIME/app/Controllers/AuthController.php(20): CodeIgniter\BaseModel->first()
#6 /home/kamado/ITU/S4/Syst.Info/REGIME/system/CodeIgniter.php(951): App\Controllers\AuthController->authenticate()
#7 /home/kamado/ITU/S4/Syst.Info/REGIME/system/CodeIgniter.php(497): CodeIgniter\CodeIgniter->runController()
#8 /home/kamado/ITU/S4/Syst.Info/REGIME/system/CodeIgniter.php(340): CodeIgniter\CodeIgniter->handleRequest()
#9 /home/kamado/ITU/S4/Syst.Info/REGIME/system/Boot.php(417): CodeIgniter\CodeIgniter->run()
#10 /home/kamado/ITU/S4/Syst.Info/REGIME/system/Boot.php(68): CodeIgniter\Boot::runCodeIgniter()
#11 /home/kamado/ITU/S4/Syst.Info/REGIME/public/index.php(59): CodeIgniter\Boot::bootWeb()
#12 {main}
CRITICAL - 2026-05-11 17:26:05 --> CodeIgniter\Database\Exceptions\DatabaseException: Unable to connect to the database.
Main connection [MySQLi]: No such file or directory
[Method: POST, Route: login]
in SYSTEMPATH/Database/BaseConnection.php on line 606.
 1 SYSTEMPATH/Database/BaseConnection.php(795): CodeIgniter\Database\BaseConnection->initialize()
 2 SYSTEMPATH/Database/BaseBuilder.php(1649): CodeIgniter\Database\BaseConnection->query()
 3 SYSTEMPATH/Model.php(295): CodeIgniter\Database\BaseBuilder->get()
 4 SYSTEMPATH/BaseModel.php(714): CodeIgniter\Model->doFirst()
 5 APPPATH/Controllers/AuthController.php(20): CodeIgniter\BaseModel->first()
 6 SYSTEMPATH/CodeIgniter.php(951): App\Controllers\AuthController->authenticate()
 7 SYSTEMPATH/CodeIgniter.php(497): CodeIgniter\CodeIgniter->runController()
 8 SYSTEMPATH/CodeIgniter.php(340): CodeIgniter\CodeIgniter->handleRequest()
 9 SYSTEMPATH/Boot.php(417): CodeIgniter\CodeIgniter->run()
10 SYSTEMPATH/Boot.php(68): CodeIgniter\Boot::runCodeIgniter()
11 FCPATH/index.php(59): CodeIgniter\Boot::bootWeb()
ERROR - 2026-05-11 17:26:12 --> Error connecting to the database: mysqli_sql_exception: No such file or directory in /home/kamado/ITU/S4/Syst.Info/REGIME/system/Database/MySQLi/Connection.php:201
Stack trace:
#0 /home/kamado/ITU/S4/Syst.Info/REGIME/system/Database/MySQLi/Connection.php(201): mysqli->real_connect()
#1 /home/kamado/ITU/S4/Syst.Info/REGIME/system/Database/BaseConnection.php(555): CodeIgniter\Database\MySQLi\Connection->connect()
#2 /home/kamado/ITU/S4/Syst.Info/REGIME/system/Database/BaseConnection.php(795): CodeIgniter\Database\BaseConnection->initialize()
#3 /home/kamado/ITU/S4/Syst.Info/REGIME/system/Database/BaseBuilder.php(1649): CodeIgniter\Database\BaseConnection->query()
#4 /home/kamado/ITU/S4/Syst.Info/REGIME/system/Model.php(295): CodeIgniter\Database\BaseBuilder->get()
#5 /home/kamado/ITU/S4/Syst.Info/REGIME/system/BaseModel.php(714): CodeIgniter\Model->doFirst()
#6 /home/kamado/ITU/S4/Syst.Info/REGIME/app/Controllers/AuthController.php(20): CodeIgniter\BaseModel->first()
#7 /home/kamado/ITU/S4/Syst.Info/REGIME/system/CodeIgniter.php(951): App\Controllers\AuthController->authenticate()
#8 /home/kamado/ITU/S4/Syst.Info/REGIME/system/CodeIgniter.php(497): CodeIgniter\CodeIgniter->runController()
#9 /home/kamado/ITU/S4/Syst.Info/REGIME/system/CodeIgniter.php(340): CodeIgniter\CodeIgniter->handleRequest()
#10 /home/kamado/ITU/S4/Syst.Info/REGIME/system/Boot.php(417): CodeIgniter\CodeIgniter->run()
#11 /home/kamado/ITU/S4/Syst.Info/REGIME/system/Boot.php(68): CodeIgniter\Boot::runCodeIgniter()
#12 /home/kamado/ITU/S4/Syst.Info/REGIME/public/index.php(59): CodeIgniter\Boot::bootWeb()
#13 {main}

Next CodeIgniter\Database\Exceptions\DatabaseException: No such file or directory in /home/kamado/ITU/S4/Syst.Info/REGIME/system/Database/MySQLi/Connection.php:231
Stack trace:
#0 /home/kamado/ITU/S4/Syst.Info/REGIME/system/Database/BaseConnection.php(555): CodeIgniter\Database\MySQLi\Connection->connect()
#1 /home/kamado/ITU/S4/Syst.Info/REGIME/system/Database/BaseConnection.php(795): CodeIgniter\Database\BaseConnection->initialize()
#2 /home/kamado/ITU/S4/Syst.Info/REGIME/system/Database/BaseBuilder.php(1649): CodeIgniter\Database\BaseConnection->query()
#3 /home/kamado/ITU/S4/Syst.Info/REGIME/system/Model.php(295): CodeIgniter\Database\BaseBuilder->get()
#4 /home/kamado/ITU/S4/Syst.Info/REGIME/system/BaseModel.php(714): CodeIgniter\Model->doFirst()
#5 /home/kamado/ITU/S4/Syst.Info/REGIME/app/Controllers/AuthController.php(20): CodeIgniter\BaseModel->first()
#6 /home/kamado/ITU/S4/Syst.Info/REGIME/system/CodeIgniter.php(951): App\Controllers\AuthController->authenticate()
#7 /home/kamado/ITU/S4/Syst.Info/REGIME/system/CodeIgniter.php(497): CodeIgniter\CodeIgniter->runController()
#8 /home/kamado/ITU/S4/Syst.Info/REGIME/system/CodeIgniter.php(340): CodeIgniter\CodeIgniter->handleRequest()
#9 /home/kamado/ITU/S4/Syst.Info/REGIME/system/Boot.php(417): CodeIgniter\CodeIgniter->run()
#10 /home/kamado/ITU/S4/Syst.Info/REGIME/system/Boot.php(68): CodeIgniter\Boot::runCodeIgniter()
#11 /home/kamado/ITU/S4/Syst.Info/REGIME/public/index.php(59): CodeIgniter\Boot::bootWeb()
#12 {main}
CRITICAL - 2026-05-11 17:26:12 --> CodeIgniter\Database\Exceptions\DatabaseException: Unable to connect to the database.
Main connection [MySQLi]: No such file or directory
[Method: POST, Route: login]
in SYSTEMPATH/Database/BaseConnection.php on line 606.
 1 SYSTEMPATH/Database/BaseConnection.php(795): CodeIgniter\Database\BaseConnection->initialize()
 2 SYSTEMPATH/Database/BaseBuilder.php(1649): CodeIgniter\Database\BaseConnection->query()
 3 SYSTEMPATH/Model.php(295): CodeIgniter\Database\BaseBuilder->get()
 4 SYSTEMPATH/BaseModel.php(714): CodeIgniter\Model->doFirst()
 5 APPPATH/Controllers/AuthController.php(20): CodeIgniter\BaseModel->first()
 6 SYSTEMPATH/CodeIgniter.php(951): App\Controllers\AuthController->authenticate()
 7 SYSTEMPATH/CodeIgniter.php(497): CodeIgniter\CodeIgniter->runController()
 8 SYSTEMPATH/CodeIgniter.php(340): CodeIgniter\CodeIgniter->handleRequest()
 9 SYSTEMPATH/Boot.php(417): CodeIgniter\CodeIgniter->run()
10 SYSTEMPATH/Boot.php(68): CodeIgniter\Boot::runCodeIgniter()
11 FCPATH/index.php(59): CodeIgniter\Boot::bootWeb()
ERROR - 2026-05-11 17:26:38 --> Error connecting to the database: mysqli_sql_exception: No such file or directory in /home/kamado/ITU/S4/Syst.Info/REGIME/system/Database/MySQLi/Connection.php:201
Stack trace:
#0 /home/kamado/ITU/S4/Syst.Info/REGIME/system/Database/MySQLi/Connection.php(201): mysqli->real_connect()
#1 /home/kamado/ITU/S4/Syst.Info/REGIME/system/Database/BaseConnection.php(555): CodeIgniter\Database\MySQLi\Connection->connect()
#2 /home/kamado/ITU/S4/Syst.Info/REGIME/system/Database/BaseConnection.php(795): CodeIgniter\Database\BaseConnection->initialize()
#3 /home/kamado/ITU/S4/Syst.Info/REGIME/system/Database/BaseBuilder.php(1649): CodeIgniter\Database\BaseConnection->query()
#4 /home/kamado/ITU/S4/Syst.Info/REGIME/system/Model.php(295): CodeIgniter\Database\BaseBuilder->get()
#5 /home/kamado/ITU/S4/Syst.Info/REGIME/system/BaseModel.php(714): CodeIgniter\Model->doFirst()
#6 /home/kamado/ITU/S4/Syst.Info/REGIME/app/Controllers/AuthController.php(20): CodeIgniter\BaseModel->first()
#7 /home/kamado/ITU/S4/Syst.Info/REGIME/system/CodeIgniter.php(951): App\Controllers\AuthController->authenticate()
#8 /home/kamado/ITU/S4/Syst.Info/REGIME/system/CodeIgniter.php(497): CodeIgniter\CodeIgniter->runController()
#9 /home/kamado/ITU/S4/Syst.Info/REGIME/system/CodeIgniter.php(340): CodeIgniter\CodeIgniter->handleRequest()
#10 /home/kamado/ITU/S4/Syst.Info/REGIME/system/Boot.php(417): CodeIgniter\CodeIgniter->run()
#11 /home/kamado/ITU/S4/Syst.Info/REGIME/system/Boot.php(68): CodeIgniter\Boot::runCodeIgniter()
#12 /home/kamado/ITU/S4/Syst.Info/REGIME/public/index.php(59): CodeIgniter\Boot::bootWeb()
#13 {main}

Next CodeIgniter\Database\Exceptions\DatabaseException: No such file or directory in /home/kamado/ITU/S4/Syst.Info/REGIME/system/Database/MySQLi/Connection.php:231
Stack trace:
#0 /home/kamado/ITU/S4/Syst.Info/REGIME/system/Database/BaseConnection.php(555): CodeIgniter\Database\MySQLi\Connection->connect()
#1 /home/kamado/ITU/S4/Syst.Info/REGIME/system/Database/BaseConnection.php(795): CodeIgniter\Database\BaseConnection->initialize()
#2 /home/kamado/ITU/S4/Syst.Info/REGIME/system/Database/BaseBuilder.php(1649): CodeIgniter\Database\BaseConnection->query()
#3 /home/kamado/ITU/S4/Syst.Info/REGIME/system/Model.php(295): CodeIgniter\Database\BaseBuilder->get()
#4 /home/kamado/ITU/S4/Syst.Info/REGIME/system/BaseModel.php(714): CodeIgniter\Model->doFirst()
#5 /home/kamado/ITU/S4/Syst.Info/REGIME/app/Controllers/AuthController.php(20): CodeIgniter\BaseModel->first()
#6 /home/kamado/ITU/S4/Syst.Info/REGIME/system/CodeIgniter.php(951): App\Controllers\AuthController->authenticate()
#7 /home/kamado/ITU/S4/Syst.Info/REGIME/system/CodeIgniter.php(497): CodeIgniter\CodeIgniter->runController()
#8 /home/kamado/ITU/S4/Syst.Info/REGIME/system/CodeIgniter.php(340): CodeIgniter\CodeIgniter->handleRequest()
#9 /home/kamado/ITU/S4/Syst.Info/REGIME/system/Boot.php(417): CodeIgniter\CodeIgniter->run()
#10 /home/kamado/ITU/S4/Syst.Info/REGIME/system/Boot.php(68): CodeIgniter\Boot::runCodeIgniter()
#11 /home/kamado/ITU/S4/Syst.Info/REGIME/public/index.php(59): CodeIgniter\Boot::bootWeb()
#12 {main}
CRITICAL - 2026-05-11 17:26:38 --> CodeIgniter\Database\Exceptions\DatabaseException: Unable to connect to the database.
Main connection [MySQLi]: No such file or directory
[Method: POST, Route: login]
in SYSTEMPATH/Database/BaseConnection.php on line 606.
 1 SYSTEMPATH/Database/BaseConnection.php(795): CodeIgniter\Database\BaseConnection->initialize()
 2 SYSTEMPATH/Database/BaseBuilder.php(1649): CodeIgniter\Database\BaseConnection->query()
 3 SYSTEMPATH/Model.php(295): CodeIgniter\Database\BaseBuilder->get()
 4 SYSTEMPATH/BaseModel.php(714): CodeIgniter\Model->doFirst()
 5 APPPATH/Controllers/AuthController.php(20): CodeIgniter\BaseModel->first()
 6 SYSTEMPATH/CodeIgniter.php(951): App\Controllers\AuthController->authenticate()
 7 SYSTEMPATH/CodeIgniter.php(497): CodeIgniter\CodeIgniter->runController()
 8 SYSTEMPATH/CodeIgniter.php(340): CodeIgniter\CodeIgniter->handleRequest()
 9 SYSTEMPATH/Boot.php(417): CodeIgniter\CodeIgniter->run()
10 SYSTEMPATH/Boot.php(68): CodeIgniter\Boot::runCodeIgniter()
11 FCPATH/index.php(59): CodeIgniter\Boot::bootWeb()
ERROR - 2026-05-11 17:26:46 --> Error connecting to the database: mysqli_sql_exception: No such file or directory in /home/kamado/ITU/S4/Syst.Info/REGIME/system/Database/MySQLi/Connection.php:201
Stack trace:
#0 /home/kamado/ITU/S4/Syst.Info/REGIME/system/Database/MySQLi/Connection.php(201): mysqli->real_connect()
#1 /home/kamado/ITU/S4/Syst.Info/REGIME/system/Database/BaseConnection.php(555): CodeIgniter\Database\MySQLi\Connection->connect()
#2 /home/kamado/ITU/S4/Syst.Info/REGIME/system/Database/BaseConnection.php(795): CodeIgniter\Database\BaseConnection->initialize()
#3 /home/kamado/ITU/S4/Syst.Info/REGIME/system/Database/BaseBuilder.php(1649): CodeIgniter\Database\BaseConnection->query()
#4 /home/kamado/ITU/S4/Syst.Info/REGIME/system/Model.php(295): CodeIgniter\Database\BaseBuilder->get()
#5 /home/kamado/ITU/S4/Syst.Info/REGIME/system/BaseModel.php(714): CodeIgniter\Model->doFirst()
#6 /home/kamado/ITU/S4/Syst.Info/REGIME/app/Controllers/AuthController.php(20): CodeIgniter\BaseModel->first()
#7 /home/kamado/ITU/S4/Syst.Info/REGIME/system/CodeIgniter.php(951): App\Controllers\AuthController->authenticate()
#8 /home/kamado/ITU/S4/Syst.Info/REGIME/system/CodeIgniter.php(497): CodeIgniter\CodeIgniter->runController()
#9 /home/kamado/ITU/S4/Syst.Info/REGIME/system/CodeIgniter.php(340): CodeIgniter\CodeIgniter->handleRequest()
#10 /home/kamado/ITU/S4/Syst.Info/REGIME/system/Boot.php(417): CodeIgniter\CodeIgniter->run()
#11 /home/kamado/ITU/S4/Syst.Info/REGIME/system/Boot.php(68): CodeIgniter\Boot::runCodeIgniter()
#12 /home/kamado/ITU/S4/Syst.Info/REGIME/public/index.php(59): CodeIgniter\Boot::bootWeb()
#13 {main}

Next CodeIgniter\Database\Exceptions\DatabaseException: No such file or directory in /home/kamado/ITU/S4/Syst.Info/REGIME/system/Database/MySQLi/Connection.php:231
Stack trace:
#0 /home/kamado/ITU/S4/Syst.Info/REGIME/system/Database/BaseConnection.php(555): CodeIgniter\Database\MySQLi\Connection->connect()
#1 /home/kamado/ITU/S4/Syst.Info/REGIME/system/Database/BaseConnection.php(795): CodeIgniter\Database\BaseConnection->initialize()
#2 /home/kamado/ITU/S4/Syst.Info/REGIME/system/Database/BaseBuilder.php(1649): CodeIgniter\Database\BaseConnection->query()
#3 /home/kamado/ITU/S4/Syst.Info/REGIME/system/Model.php(295): CodeIgniter\Database\BaseBuilder->get()
#4 /home/kamado/ITU/S4/Syst.Info/REGIME/system/BaseModel.php(714): CodeIgniter\Model->doFirst()
#5 /home/kamado/ITU/S4/Syst.Info/REGIME/app/Controllers/AuthController.php(20): CodeIgniter\BaseModel->first()
#6 /home/kamado/ITU/S4/Syst.Info/REGIME/system/CodeIgniter.php(951): App\Controllers\AuthController->authenticate()
#7 /home/kamado/ITU/S4/Syst.Info/REGIME/system/CodeIgniter.php(497): CodeIgniter\CodeIgniter->runController()
#8 /home/kamado/ITU/S4/Syst.Info/REGIME/system/CodeIgniter.php(340): CodeIgniter\CodeIgniter->handleRequest()
#9 /home/kamado/ITU/S4/Syst.Info/REGIME/system/Boot.php(417): CodeIgniter\CodeIgniter->run()
#10 /home/kamado/ITU/S4/Syst.Info/REGIME/system/Boot.php(68): CodeIgniter\Boot::runCodeIgniter()
#11 /home/kamado/ITU/S4/Syst.Info/REGIME/public/index.php(59): CodeIgniter\Boot::bootWeb()
#12 {main}
CRITICAL - 2026-05-11 17:26:46 --> CodeIgniter\Database\Exceptions\DatabaseException: Unable to connect to the database.
Main connection [MySQLi]: No such file or directory
[Method: POST, Route: login]
in SYSTEMPATH/Database/BaseConnection.php on line 606.
 1 SYSTEMPATH/Database/BaseConnection.php(795): CodeIgniter\Database\BaseConnection->initialize()
 2 SYSTEMPATH/Database/BaseBuilder.php(1649): CodeIgniter\Database\BaseConnection->query()
 3 SYSTEMPATH/Model.php(295): CodeIgniter\Database\BaseBuilder->get()
 4 SYSTEMPATH/BaseModel.php(714): CodeIgniter\Model->doFirst()
 5 APPPATH/Controllers/AuthController.php(20): CodeIgniter\BaseModel->first()
 6 SYSTEMPATH/CodeIgniter.php(951): App\Controllers\AuthController->authenticate()
 7 SYSTEMPATH/CodeIgniter.php(497): CodeIgniter\CodeIgniter->runController()
 8 SYSTEMPATH/CodeIgniter.php(340): CodeIgniter\CodeIgniter->handleRequest()
 9 SYSTEMPATH/Boot.php(417): CodeIgniter\CodeIgniter->run()
10 SYSTEMPATH/Boot.php(68): CodeIgniter\Boot::runCodeIgniter()
11 FCPATH/index.php(59): CodeIgniter\Boot::bootWeb()
ERROR - 2026-05-11 17:27:43 --> Error connecting to the database: mysqli_sql_exception: Connection timed out in /home/kamado/ITU/S4/Syst.Info/REGIME/system/Database/MySQLi/Connection.php:201
Stack trace:
#0 /home/kamado/ITU/S4/Syst.Info/REGIME/system/Database/MySQLi/Connection.php(201): mysqli->real_connect()
#1 /home/kamado/ITU/S4/Syst.Info/REGIME/system/Database/BaseConnection.php(555): CodeIgniter\Database\MySQLi\Connection->connect()
#2 /home/kamado/ITU/S4/Syst.Info/REGIME/system/Database/BaseConnection.php(795): CodeIgniter\Database\BaseConnection->initialize()
#3 /home/kamado/ITU/S4/Syst.Info/REGIME/system/Database/BaseBuilder.php(1649): CodeIgniter\Database\BaseConnection->query()
#4 /home/kamado/ITU/S4/Syst.Info/REGIME/system/Model.php(295): CodeIgniter\Database\BaseBuilder->get()
#5 /home/kamado/ITU/S4/Syst.Info/REGIME/system/BaseModel.php(714): CodeIgniter\Model->doFirst()
#6 /home/kamado/ITU/S4/Syst.Info/REGIME/app/Controllers/AuthController.php(20): CodeIgniter\BaseModel->first()
#7 /home/kamado/ITU/S4/Syst.Info/REGIME/system/CodeIgniter.php(951): App\Controllers\AuthController->authenticate()
#8 /home/kamado/ITU/S4/Syst.Info/REGIME/system/CodeIgniter.php(497): CodeIgniter\CodeIgniter->runController()
#9 /home/kamado/ITU/S4/Syst.Info/REGIME/system/CodeIgniter.php(340): CodeIgniter\CodeIgniter->handleRequest()
#10 /home/kamado/ITU/S4/Syst.Info/REGIME/system/Boot.php(417): CodeIgniter\CodeIgniter->run()
#11 /home/kamado/ITU/S4/Syst.Info/REGIME/system/Boot.php(68): CodeIgniter\Boot::runCodeIgniter()
#12 /home/kamado/ITU/S4/Syst.Info/REGIME/public/index.php(59): CodeIgniter\Boot::bootWeb()
#13 {main}

Next CodeIgniter\Database\Exceptions\DatabaseException: Connection timed out in /home/kamado/ITU/S4/Syst.Info/REGIME/system/Database/MySQLi/Connection.php:231
Stack trace:
#0 /home/kamado/ITU/S4/Syst.Info/REGIME/system/Database/BaseConnection.php(555): CodeIgniter\Database\MySQLi\Connection->connect()
#1 /home/kamado/ITU/S4/Syst.Info/REGIME/system/Database/BaseConnection.php(795): CodeIgniter\Database\BaseConnection->initialize()
#2 /home/kamado/ITU/S4/Syst.Info/REGIME/system/Database/BaseBuilder.php(1649): CodeIgniter\Database\BaseConnection->query()
#3 /home/kamado/ITU/S4/Syst.Info/REGIME/system/Model.php(295): CodeIgniter\Database\BaseBuilder->get()
#4 /home/kamado/ITU/S4/Syst.Info/REGIME/system/BaseModel.php(714): CodeIgniter\Model->doFirst()
#5 /home/kamado/ITU/S4/Syst.Info/REGIME/app/Controllers/AuthController.php(20): CodeIgniter\BaseModel->first()
#6 /home/kamado/ITU/S4/Syst.Info/REGIME/system/CodeIgniter.php(951): App\Controllers\AuthController->authenticate()
#7 /home/kamado/ITU/S4/Syst.Info/REGIME/system/CodeIgniter.php(497): CodeIgniter\CodeIgniter->runController()
#8 /home/kamado/ITU/S4/Syst.Info/REGIME/system/CodeIgniter.php(340): CodeIgniter\CodeIgniter->handleRequest()
#9 /home/kamado/ITU/S4/Syst.Info/REGIME/system/Boot.php(417): CodeIgniter\CodeIgniter->run()
#10 /home/kamado/ITU/S4/Syst.Info/REGIME/system/Boot.php(68): CodeIgniter\Boot::runCodeIgniter()
#11 /home/kamado/ITU/S4/Syst.Info/REGIME/public/index.php(59): CodeIgniter\Boot::bootWeb()
#12 {main}
CRITICAL - 2026-05-11 17:27:43 --> CodeIgniter\Database\Exceptions\DatabaseException: Unable to connect to the database.
Main connection [MySQLi]: Connection timed out
[Method: POST, Route: login]
in SYSTEMPATH/Database/BaseConnection.php on line 606.
 1 SYSTEMPATH/Database/BaseConnection.php(795): CodeIgniter\Database\BaseConnection->initialize()
 2 SYSTEMPATH/Database/BaseBuilder.php(1649): CodeIgniter\Database\BaseConnection->query()
 3 SYSTEMPATH/Model.php(295): CodeIgniter\Database\BaseBuilder->get()
 4 SYSTEMPATH/BaseModel.php(714): CodeIgniter\Model->doFirst()
 5 APPPATH/Controllers/AuthController.php(20): CodeIgniter\BaseModel->first()
 6 SYSTEMPATH/CodeIgniter.php(951): App\Controllers\AuthController->authenticate()
 7 SYSTEMPATH/CodeIgniter.php(497): CodeIgniter\CodeIgniter->runController()
 8 SYSTEMPATH/CodeIgniter.php(340): CodeIgniter\CodeIgniter->handleRequest()
 9 SYSTEMPATH/Boot.php(417): CodeIgniter\CodeIgniter->run()
10 SYSTEMPATH/Boot.php(68): CodeIgniter\Boot::runCodeIgniter()
11 FCPATH/index.php(59): CodeIgniter\Boot::bootWeb()
ERROR - 2026-05-11 17:29:07 --> Error connecting to the database: mysqli_sql_exception: Operation now in progress in /home/kamado/ITU/S4/Syst.Info/REGIME/system/Database/MySQLi/Connection.php:201
Stack trace:
#0 /home/kamado/ITU/S4/Syst.Info/REGIME/system/Database/MySQLi/Connection.php(201): mysqli->real_connect()
#1 /home/kamado/ITU/S4/Syst.Info/REGIME/system/Database/BaseConnection.php(555): CodeIgniter\Database\MySQLi\Connection->connect()
#2 /home/kamado/ITU/S4/Syst.Info/REGIME/system/Database/BaseConnection.php(795): CodeIgniter\Database\BaseConnection->initialize()
#3 /home/kamado/ITU/S4/Syst.Info/REGIME/system/Database/BaseBuilder.php(1649): CodeIgniter\Database\BaseConnection->query()
#4 /home/kamado/ITU/S4/Syst.Info/REGIME/system/Model.php(295): CodeIgniter\Database\BaseBuilder->get()
#5 /home/kamado/ITU/S4/Syst.Info/REGIME/system/BaseModel.php(714): CodeIgniter\Model->doFirst()
#6 /home/kamado/ITU/S4/Syst.Info/REGIME/app/Controllers/AuthController.php(20): CodeIgniter\BaseModel->first()
#7 /home/kamado/ITU/S4/Syst.Info/REGIME/system/CodeIgniter.php(951): App\Controllers\AuthController->authenticate()
#8 /home/kamado/ITU/S4/Syst.Info/REGIME/system/CodeIgniter.php(497): CodeIgniter\CodeIgniter->runController()
#9 /home/kamado/ITU/S4/Syst.Info/REGIME/system/CodeIgniter.php(340): CodeIgniter\CodeIgniter->handleRequest()
#10 /home/kamado/ITU/S4/Syst.Info/REGIME/system/Boot.php(417): CodeIgniter\CodeIgniter->run()
#11 /home/kamado/ITU/S4/Syst.Info/REGIME/system/Boot.php(68): CodeIgniter\Boot::runCodeIgniter()
#12 /home/kamado/ITU/S4/Syst.Info/REGIME/public/index.php(59): CodeIgniter\Boot::bootWeb()
#13 {main}

Next CodeIgniter\Database\Exceptions\DatabaseException: Operation now in progress in /home/kamado/ITU/S4/Syst.Info/REGIME/system/Database/MySQLi/Connection.php:231
Stack trace:
#0 /home/kamado/ITU/S4/Syst.Info/REGIME/system/Database/BaseConnection.php(555): CodeIgniter\Database\MySQLi\Connection->connect()
#1 /home/kamado/ITU/S4/Syst.Info/REGIME/system/Database/BaseConnection.php(795): CodeIgniter\Database\BaseConnection->initialize()
#2 /home/kamado/ITU/S4/Syst.Info/REGIME/system/Database/BaseBuilder.php(1649): CodeIgniter\Database\BaseConnection->query()
#3 /home/kamado/ITU/S4/Syst.Info/REGIME/system/Model.php(295): CodeIgniter\Database\BaseBuilder->get()
#4 /home/kamado/ITU/S4/Syst.Info/REGIME/system/BaseModel.php(714): CodeIgniter\Model->doFirst()
#5 /home/kamado/ITU/S4/Syst.Info/REGIME/app/Controllers/AuthController.php(20): CodeIgniter\BaseModel->first()
#6 /home/kamado/ITU/S4/Syst.Info/REGIME/system/CodeIgniter.php(951): App\Controllers\AuthController->authenticate()
#7 /home/kamado/ITU/S4/Syst.Info/REGIME/system/CodeIgniter.php(497): CodeIgniter\CodeIgniter->runController()
#8 /home/kamado/ITU/S4/Syst.Info/REGIME/system/CodeIgniter.php(340): CodeIgniter\CodeIgniter->handleRequest()
#9 /home/kamado/ITU/S4/Syst.Info/REGIME/system/Boot.php(417): CodeIgniter\CodeIgniter->run()
#10 /home/kamado/ITU/S4/Syst.Info/REGIME/system/Boot.php(68): CodeIgniter\Boot::runCodeIgniter()
#11 /home/kamado/ITU/S4/Syst.Info/REGIME/public/index.php(59): CodeIgniter\Boot::bootWeb()
#12 {main}
CRITICAL - 2026-05-11 17:29:07 --> CodeIgniter\Database\Exceptions\DatabaseException: Unable to connect to the database.
Main connection [MySQLi]: Operation now in progress
[Method: POST, Route: login]
in SYSTEMPATH/Database/BaseConnection.php on line 606.
 1 SYSTEMPATH/Database/BaseConnection.php(795): CodeIgniter\Database\BaseConnection->initialize()
 2 SYSTEMPATH/Database/BaseBuilder.php(1649): CodeIgniter\Database\BaseConnection->query()
 3 SYSTEMPATH/Model.php(295): CodeIgniter\Database\BaseBuilder->get()
 4 SYSTEMPATH/BaseModel.php(714): CodeIgniter\Model->doFirst()
 5 APPPATH/Controllers/AuthController.php(20): CodeIgniter\BaseModel->first()
 6 SYSTEMPATH/CodeIgniter.php(951): App\Controllers\AuthController->authenticate()
 7 SYSTEMPATH/CodeIgniter.php(497): CodeIgniter\CodeIgniter->runController()
 8 SYSTEMPATH/CodeIgniter.php(340): CodeIgniter\CodeIgniter->handleRequest()
 9 SYSTEMPATH/Boot.php(417): CodeIgniter\CodeIgniter->run()
10 SYSTEMPATH/Boot.php(68): CodeIgniter\Boot::runCodeIgniter()
11 FCPATH/index.php(59): CodeIgniter\Boot::bootWeb()
ERROR - 2026-05-11 17:29:28 --> Error connecting to the database: mysqli_sql_exception: Connection timed out in /home/kamado/ITU/S4/Syst.Info/REGIME/system/Database/MySQLi/Connection.php:201
Stack trace:
#0 /home/kamado/ITU/S4/Syst.Info/REGIME/system/Database/MySQLi/Connection.php(201): mysqli->real_connect()
#1 /home/kamado/ITU/S4/Syst.Info/REGIME/system/Database/BaseConnection.php(555): CodeIgniter\Database\MySQLi\Connection->connect()
#2 /home/kamado/ITU/S4/Syst.Info/REGIME/system/Database/BaseConnection.php(795): CodeIgniter\Database\BaseConnection->initialize()
#3 /home/kamado/ITU/S4/Syst.Info/REGIME/system/Database/BaseBuilder.php(1649): CodeIgniter\Database\BaseConnection->query()
#4 /home/kamado/ITU/S4/Syst.Info/REGIME/system/Model.php(295): CodeIgniter\Database\BaseBuilder->get()
#5 /home/kamado/ITU/S4/Syst.Info/REGIME/system/BaseModel.php(714): CodeIgniter\Model->doFirst()
#6 /home/kamado/ITU/S4/Syst.Info/REGIME/app/Controllers/AuthController.php(20): CodeIgniter\BaseModel->first()
#7 /home/kamado/ITU/S4/Syst.Info/REGIME/system/CodeIgniter.php(951): App\Controllers\AuthController->authenticate()
#8 /home/kamado/ITU/S4/Syst.Info/REGIME/system/CodeIgniter.php(497): CodeIgniter\CodeIgniter->runController()
#9 /home/kamado/ITU/S4/Syst.Info/REGIME/system/CodeIgniter.php(340): CodeIgniter\CodeIgniter->handleRequest()
#10 /home/kamado/ITU/S4/Syst.Info/REGIME/system/Boot.php(417): CodeIgniter\CodeIgniter->run()
#11 /home/kamado/ITU/S4/Syst.Info/REGIME/system/Boot.php(68): CodeIgniter\Boot::runCodeIgniter()
#12 /home/kamado/ITU/S4/Syst.Info/REGIME/public/index.php(59): CodeIgniter\Boot::bootWeb()
#13 {main}

Next CodeIgniter\Database\Exceptions\DatabaseException: Connection timed out in /home/kamado/ITU/S4/Syst.Info/REGIME/system/Database/MySQLi/Connection.php:231
Stack trace:
#0 /home/kamado/ITU/S4/Syst.Info/REGIME/system/Database/BaseConnection.php(555): CodeIgniter\Database\MySQLi\Connection->connect()
#1 /home/kamado/ITU/S4/Syst.Info/REGIME/system/Database/BaseConnection.php(795): CodeIgniter\Database\BaseConnection->initialize()
#2 /home/kamado/ITU/S4/Syst.Info/REGIME/system/Database/BaseBuilder.php(1649): CodeIgniter\Database\BaseConnection->query()
#3 /home/kamado/ITU/S4/Syst.Info/REGIME/system/Model.php(295): CodeIgniter\Database\BaseBuilder->get()
#4 /home/kamado/ITU/S4/Syst.Info/REGIME/system/BaseModel.php(714): CodeIgniter\Model->doFirst()
#5 /home/kamado/ITU/S4/Syst.Info/REGIME/app/Controllers/AuthController.php(20): CodeIgniter\BaseModel->first()
#6 /home/kamado/ITU/S4/Syst.Info/REGIME/system/CodeIgniter.php(951): App\Controllers\AuthController->authenticate()
#7 /home/kamado/ITU/S4/Syst.Info/REGIME/system/CodeIgniter.php(497): CodeIgniter\CodeIgniter->runController()
#8 /home/kamado/ITU/S4/Syst.Info/REGIME/system/CodeIgniter.php(340): CodeIgniter\CodeIgniter->handleRequest()
#9 /home/kamado/ITU/S4/Syst.Info/REGIME/system/Boot.php(417): CodeIgniter\CodeIgniter->run()
#10 /home/kamado/ITU/S4/Syst.Info/REGIME/system/Boot.php(68): CodeIgniter\Boot::runCodeIgniter()
#11 /home/kamado/ITU/S4/Syst.Info/REGIME/public/index.php(59): CodeIgniter\Boot::bootWeb()
#12 {main}
CRITICAL - 2026-05-11 17:29:28 --> CodeIgniter\Database\Exceptions\DatabaseException: Unable to connect to the database.
Main connection [MySQLi]: Connection timed out
[Method: POST, Route: login]
in SYSTEMPATH/Database/BaseConnection.php on line 606.
 1 SYSTEMPATH/Database/BaseConnection.php(795): CodeIgniter\Database\BaseConnection->initialize()
 2 SYSTEMPATH/Database/BaseBuilder.php(1649): CodeIgniter\Database\BaseConnection->query()
 3 SYSTEMPATH/Model.php(295): CodeIgniter\Database\BaseBuilder->get()
 4 SYSTEMPATH/BaseModel.php(714): CodeIgniter\Model->doFirst()
 5 APPPATH/Controllers/AuthController.php(20): CodeIgniter\BaseModel->first()
 6 SYSTEMPATH/CodeIgniter.php(951): App\Controllers\AuthController->authenticate()
 7 SYSTEMPATH/CodeIgniter.php(497): CodeIgniter\CodeIgniter->runController()
 8 SYSTEMPATH/CodeIgniter.php(340): CodeIgniter\CodeIgniter->handleRequest()
 9 SYSTEMPATH/Boot.php(417): CodeIgniter\CodeIgniter->run()
10 SYSTEMPATH/Boot.php(68): CodeIgniter\Boot::runCodeIgniter()
11 FCPATH/index.php(59): CodeIgniter\Boot::bootWeb()
CRITICAL - 2026-05-11 17:31:54 --> ParseError: syntax error, unexpected floating-point number "127.0", expecting "]"
[Method: GET, Route: /]
in APPPATH/Config/Database.php on line 166.
 1 SYSTEMPATH/Autoloader/Autoloader.php(295): CodeIgniter\Autoloader\Autoloader->includeFile()
 2 SYSTEMPATH/Autoloader/Autoloader.php(271): CodeIgniter\Autoloader\Autoloader->loadInNamespace()
 3 SYSTEMPATH/Debug/Toolbar/Collectors/Database.php(255): CodeIgniter\Autoloader\Autoloader->loadClass()
 4 SYSTEMPATH/Debug/Toolbar/Collectors/Database.php(75): CodeIgniter\Debug\Toolbar\Collectors\Database->getConnections()
 5 SYSTEMPATH/Debug/Toolbar.php(67): CodeIgniter\Debug\Toolbar\Collectors\Database->__construct()
 6 SYSTEMPATH/Config/Services.php(805): CodeIgniter\Debug\Toolbar->__construct()
 7 SYSTEMPATH/Config/BaseService.php(325): CodeIgniter\Config\Services::toolbar()
 8 SYSTEMPATH/Config/BaseService.php(264): CodeIgniter\Config\BaseService::__callStatic()
 9 SYSTEMPATH/Config/Services.php(800): CodeIgniter\Config\BaseService::getSharedInstance()
10 SYSTEMPATH/Config/BaseService.php(334): CodeIgniter\Config\Services::toolbar()
11 SYSTEMPATH/Config/BaseService.php(203): CodeIgniter\Config\BaseService::__callStatic()
12 SYSTEMPATH/Common.php(1078): CodeIgniter\Config\BaseService::get()
13 SYSTEMPATH/Filters/DebugToolbar.php(44): service()
14 SYSTEMPATH/Filters/Filters.php(278): CodeIgniter\Filters\DebugToolbar->after()
15 SYSTEMPATH/Filters/Filters.php(364): CodeIgniter\Filters\Filters->runAfter()
16 SYSTEMPATH/CodeIgniter.php(393): CodeIgniter\Filters\Filters->runRequired()
17 SYSTEMPATH/CodeIgniter.php(354): CodeIgniter\CodeIgniter->runRequiredAfterFilters()
18 SYSTEMPATH/Boot.php(417): CodeIgniter\CodeIgniter->run()
19 SYSTEMPATH/Boot.php(68): CodeIgniter\Boot::runCodeIgniter()
20 FCPATH/index.php(59): CodeIgniter\Boot::bootWeb()
CRITICAL - 2026-05-11 17:32:34 --> ErrorException: array_sum(): Addition is not supported on type array
[Method: GET, Route: admin]
in APPPATH/Views/admin/dashboard.php on line 135.
 1 [internal function]: CodeIgniter\Debug\Exceptions->errorHandler()
 2 APPPATH/Views/admin/dashboard.php(135): array_sum()
 3 SYSTEMPATH/View/View.php(240): include('/home/kamado/ITU/S4/Syst.Info/REGIME/app/Views/admin/dashboard.php')
 4 SYSTEMPATH/View/View.php(243): CodeIgniter\View\View->CodeIgniter\View\{closure}()
 5 SYSTEMPATH/Common.php(1250): CodeIgniter\View\View->render()
 6 APPPATH/Controllers/AdminController.php(52): view()
 7 SYSTEMPATH/CodeIgniter.php(951): App\Controllers\AdminController->dashboard()
 8 SYSTEMPATH/CodeIgniter.php(497): CodeIgniter\CodeIgniter->runController()
 9 SYSTEMPATH/CodeIgniter.php(340): CodeIgniter\CodeIgniter->handleRequest()
10 SYSTEMPATH/Boot.php(417): CodeIgniter\CodeIgniter->run()
11 SYSTEMPATH/Boot.php(68): CodeIgniter\Boot::runCodeIgniter()
12 FCPATH/index.php(59): CodeIgniter\Boot::bootWeb()
CRITICAL - 2026-05-11 17:48:44 --> ErrorException: array_sum(): Addition is not supported on type array
[Method: GET, Route: admin]
in APPPATH/Views/admin/dashboard.php on line 135.
 1 [internal function]: CodeIgniter\Debug\Exceptions->errorHandler()
 2 APPPATH/Views/admin/dashboard.php(135): array_sum()
 3 SYSTEMPATH/View/View.php(240): include('/home/kamado/ITU/S4/Syst.Info/REGIME/app/Views/admin/dashboard.php')
 4 SYSTEMPATH/View/View.php(243): CodeIgniter\View\View->CodeIgniter\View\{closure}()
 5 SYSTEMPATH/Common.php(1250): CodeIgniter\View\View->render()
 6 APPPATH/Controllers/AdminController.php(52): view()
 7 SYSTEMPATH/CodeIgniter.php(951): App\Controllers\AdminController->dashboard()
 8 SYSTEMPATH/CodeIgniter.php(497): CodeIgniter\CodeIgniter->runController()
 9 SYSTEMPATH/CodeIgniter.php(340): CodeIgniter\CodeIgniter->handleRequest()
10 SYSTEMPATH/Boot.php(417): CodeIgniter\CodeIgniter->run()
11 SYSTEMPATH/Boot.php(68): CodeIgniter\Boot::runCodeIgniter()
12 FCPATH/index.php(59): CodeIgniter\Boot::bootWeb()
CRITICAL - 2026-05-11 17:51:10 --> ErrorException: array_sum(): Addition is not supported on type array
[Method: GET, Route: admin]
in APPPATH/Views/admin/dashboard.php on line 135.
 1 [internal function]: CodeIgniter\Debug\Exceptions->errorHandler()
 2 APPPATH/Views/admin/dashboard.php(135): array_sum()
 3 SYSTEMPATH/View/View.php(240): include('/home/kamado/ITU/S4/Syst.Info/REGIME/app/Views/admin/dashboard.php')
 4 SYSTEMPATH/View/View.php(243): CodeIgniter\View\View->CodeIgniter\View\{closure}()
 5 SYSTEMPATH/Common.php(1250): CodeIgniter\View\View->render()
 6 APPPATH/Controllers/AdminController.php(52): view()
 7 SYSTEMPATH/CodeIgniter.php(951): App\Controllers\AdminController->dashboard()
 8 SYSTEMPATH/CodeIgniter.php(497): CodeIgniter\CodeIgniter->runController()
 9 SYSTEMPATH/CodeIgniter.php(340): CodeIgniter\CodeIgniter->handleRequest()
10 SYSTEMPATH/Boot.php(417): CodeIgniter\CodeIgniter->run()
11 SYSTEMPATH/Boot.php(68): CodeIgniter\Boot::runCodeIgniter()
12 FCPATH/index.php(59): CodeIgniter\Boot::bootWeb()
CRITICAL - 2026-05-11 17:56:34 --> ErrorException: array_sum(): Addition is not supported on type array
[Method: GET, Route: admin]
in APPPATH/Views/admin/dashboard.php on line 135.
 1 [internal function]: CodeIgniter\Debug\Exceptions->errorHandler()
 2 APPPATH/Views/admin/dashboard.php(135): array_sum()
 3 SYSTEMPATH/View/View.php(240): include('/home/kamado/ITU/S4/Syst.Info/REGIME/app/Views/admin/dashboard.php')
 4 SYSTEMPATH/View/View.php(243): CodeIgniter\View\View->CodeIgniter\View\{closure}()
 5 SYSTEMPATH/Common.php(1250): CodeIgniter\View\View->render()
 6 APPPATH/Controllers/AdminController.php(52): view()
 7 SYSTEMPATH/CodeIgniter.php(951): App\Controllers\AdminController->dashboard()
 8 SYSTEMPATH/CodeIgniter.php(497): CodeIgniter\CodeIgniter->runController()
 9 SYSTEMPATH/CodeIgniter.php(340): CodeIgniter\CodeIgniter->handleRequest()
10 SYSTEMPATH/Boot.php(417): CodeIgniter\CodeIgniter->run()
11 SYSTEMPATH/Boot.php(68): CodeIgniter\Boot::runCodeIgniter()
12 FCPATH/index.php(59): CodeIgniter\Boot::bootWeb()
